Archive member included to satisfy reference by file (symbol)

C:/Users/wiesl/.pico-sdk/toolchain/14_2_Rel1/bin/../lib/gcc/arm-none-eabi/14.2.1/thumb/v6-m/nofp\libgcc.a(_dvmd_tls.o)
                              CMakeFiles/jp1_bridge.dir/C_/Users/wiesl/.pico-sdk/sdk/2.2.0/src/rp2_common/pico_divider/divider_hardware.S.obj (__aeabi_idiv0)
C:/Users/wiesl/.pico-sdk/toolchain/14_2_Rel1/bin/../lib/gcc/arm-none-eabi/14.2.1/thumb/v6-m/nofp\libg.a(libc_a-calloc.o)
                              CMakeFiles/jp1_bridge.dir/C_/Users/wiesl/.pico-sdk/sdk/2.2.0/src/rp2_common/pico_malloc/malloc.c.obj (calloc)
C:/Users/wiesl/.pico-sdk/toolchain/14_2_Rel1/bin/../lib/gcc/arm-none-eabi/14.2.1/thumb/v6-m/nofp\libg.a(libc_a-callocr.o)
                              C:/Users/wiesl/.pico-sdk/toolchain/14_2_Rel1/bin/../lib/gcc/arm-none-eabi/14.2.1/thumb/v6-m/nofp\libg.a(libc_a-calloc.o) (_calloc_r)
C:/Users/wiesl/.pico-sdk/toolchain/14_2_Rel1/bin/../lib/gcc/arm-none-eabi/14.2.1/thumb/v6-m/nofp\libg.a(libc_a-malloc.o)
                              CMakeFiles/jp1_bridge.dir/C_/Users/wiesl/.pico-sdk/sdk/2.2.0/src/rp2_common/pico_malloc/malloc.c.obj (malloc)
C:/Users/wiesl/.pico-sdk/toolchain/14_2_Rel1/bin/../lib/gcc/arm-none-eabi/14.2.1/thumb/v6-m/nofp\libg.a(libc_a-mallocr.o)
                              C:/Users/wiesl/.pico-sdk/toolchain/14_2_Rel1/bin/../lib/gcc/arm-none-eabi/14.2.1/thumb/v6-m/nofp\libg.a(libc_a-callocr.o) (_malloc_r)
C:/Users/wiesl/.pico-sdk/toolchain/14_2_Rel1/bin/../lib/gcc/arm-none-eabi/14.2.1/thumb/v6-m/nofp\libg.a(libc_a-mlock.o)
                              C:/Users/wiesl/.pico-sdk/toolchain/14_2_Rel1/bin/../lib/gcc/arm-none-eabi/14.2.1/thumb/v6-m/nofp\libg.a(libc_a-mallocr.o) (__malloc_lock)
C:/Users/wiesl/.pico-sdk/toolchain/14_2_Rel1/bin/../lib/gcc/arm-none-eabi/14.2.1/thumb/v6-m/nofp\libg.a(libc_a-realloc.o)
                              CMakeFiles/jp1_bridge.dir/C_/Users/wiesl/.pico-sdk/sdk/2.2.0/src/rp2_common/pico_malloc/malloc.c.obj (realloc)
C:/Users/wiesl/.pico-sdk/toolchain/14_2_Rel1/bin/../lib/gcc/arm-none-eabi/14.2.1/thumb/v6-m/nofp\libg.a(libc_a-reallocr.o)
                              C:/Users/wiesl/.pico-sdk/toolchain/14_2_Rel1/bin/../lib/gcc/arm-none-eabi/14.2.1/thumb/v6-m/nofp\libg.a(libc_a-realloc.o) (_realloc_r)
C:/Users/wiesl/.pico-sdk/toolchain/14_2_Rel1/bin/../lib/gcc/arm-none-eabi/14.2.1/thumb/v6-m/nofp\libg.a(libc_a-memcmp.o)
                              CMakeFiles/jp1_bridge.dir/C_/Users/wiesl/.pico-sdk/sdk/2.2.0/src/rp2_common/pico_atomic/atomic.c.obj (memcmp)
C:/Users/wiesl/.pico-sdk/toolchain/14_2_Rel1/bin/../lib/gcc/arm-none-eabi/14.2.1/thumb/v6-m/nofp\libg.a(libc_a-memmove.o)
                              C:/Users/wiesl/.pico-sdk/toolchain/14_2_Rel1/bin/../lib/gcc/arm-none-eabi/14.2.1/thumb/v6-m/nofp\libg.a(libc_a-reallocr.o) (memmove)
C:/Users/wiesl/.pico-sdk/toolchain/14_2_Rel1/bin/../lib/gcc/arm-none-eabi/14.2.1/thumb/v6-m/nofp\libg.a(libc_a-lcltime_r.o)
                              CMakeFiles/jp1_bridge.dir/C_/Users/wiesl/.pico-sdk/sdk/2.2.0/src/common/pico_util/datetime.c.obj (localtime_r)
C:/Users/wiesl/.pico-sdk/toolchain/14_2_Rel1/bin/../lib/gcc/arm-none-eabi/14.2.1/thumb/v6-m/nofp\libg.a(libc_a-mktime.o)
                              CMakeFiles/jp1_bridge.dir/C_/Users/wiesl/.pico-sdk/sdk/2.2.0/src/common/pico_util/datetime.c.obj (mktime)
C:/Users/wiesl/.pico-sdk/toolchain/14_2_Rel1/bin/../lib/gcc/arm-none-eabi/14.2.1/thumb/v6-m/nofp\libg.a(libc_a-month_lengths.o)
                              C:/Users/wiesl/.pico-sdk/toolchain/14_2_Rel1/bin/../lib/gcc/arm-none-eabi/14.2.1/thumb/v6-m/nofp\libg.a(libc_a-lcltime_r.o) (__month_lengths)
C:/Users/wiesl/.pico-sdk/toolchain/14_2_Rel1/bin/../lib/gcc/arm-none-eabi/14.2.1/thumb/v6-m/nofp\libg.a(libc_a-tzcalc_limits.o)
                              C:/Users/wiesl/.pico-sdk/toolchain/14_2_Rel1/bin/../lib/gcc/arm-none-eabi/14.2.1/thumb/v6-m/nofp\libg.a(libc_a-lcltime_r.o) (__tzcalc_limits)
C:/Users/wiesl/.pico-sdk/toolchain/14_2_Rel1/bin/../lib/gcc/arm-none-eabi/14.2.1/thumb/v6-m/nofp\libg.a(libc_a-tzlock.o)
                              C:/Users/wiesl/.pico-sdk/toolchain/14_2_Rel1/bin/../lib/gcc/arm-none-eabi/14.2.1/thumb/v6-m/nofp\libg.a(libc_a-lcltime_r.o) (__tz_lock)
C:/Users/wiesl/.pico-sdk/toolchain/14_2_Rel1/bin/../lib/gcc/arm-none-eabi/14.2.1/thumb/v6-m/nofp\libg.a(libc_a-tzset.o)
                              C:/Users/wiesl/.pico-sdk/toolchain/14_2_Rel1/bin/../lib/gcc/arm-none-eabi/14.2.1/thumb/v6-m/nofp\libg.a(libc_a-lcltime_r.o) (_tzset_unlocked)
C:/Users/wiesl/.pico-sdk/toolchain/14_2_Rel1/bin/../lib/gcc/arm-none-eabi/14.2.1/thumb/v6-m/nofp\libg.a(libc_a-tzset_r.o)
                              C:/Users/wiesl/.pico-sdk/toolchain/14_2_Rel1/bin/../lib/gcc/arm-none-eabi/14.2.1/thumb/v6-m/nofp\libg.a(libc_a-tzset.o) (_tzset_unlocked_r)
C:/Users/wiesl/.pico-sdk/toolchain/14_2_Rel1/bin/../lib/gcc/arm-none-eabi/14.2.1/thumb/v6-m/nofp\libg.a(libc_a-tzvars.o)
[...]
Memory Configuration

Name             Origin             Length             Attributes
FLASH            0x10000000         0x00200000         xr
RAM              0x20000000         0x00040000         xrw
SCRATCH_X        0x20040000         0x00001000         xrw
SCRATCH_Y        0x20041000         0x00001000         xrw
*default*        0x00000000         0xffffffff

Linker script and memory map

LOAD C:/Users/wiesl/.pico-sdk/toolchain/14_2_Rel1/bin/../lib/gcc/arm-none-eabi/14.2.1/thumb/v6-m/nofp/crti.o
LOAD C:/Users/wiesl/.pico-sdk/toolchain/14_2_Rel1/bin/../lib/gcc/arm-none-eabi/14.2.1/thumb/v6-m/nofp/crtbegin.o
LOAD C:/Users/wiesl/.pico-sdk/toolchain/14_2_Rel1/bin/../lib/gcc/arm-none-eabi/14.2.1/thumb/v6-m/nofp/crt0.o

.flash_begin    0x10000000        0x0
                0x10000000                        __flash_binary_start = .

.boot2          0x10000000      0x100
                0x10000000                        __boot2_start__ = .
 *(.boot2)
 .boot2         0x10000000      0x100 pico-sdk/src/rp2040/boot_stage2/CMakeFiles/bs2_default_library.dir/./bs2_default_padded_checksummed.S.obj
                0x10000100                        __boot2_end__ = .
                0x00000001                        ASSERT (((__boot2_end__ - __boot2_start__) == 0x100), ERROR: Pico second stage bootloader must be 256 bytes in size)

.text           0x10000100     0x3b5c
                0x10000100                        __logical_binary_start = .
 *(.vectors)
 .vectors       0x10000100       0xd4 CMakeFiles/jp1_bridge.dir/C_/Users/wiesl/.pico-sdk/sdk/2.2.0/src/rp2_common/pico_crt0/crt0.S.obj
                0x10000100                __VECTOR_TABLE
                0x10000100                __vectors
                0x100001c0                isr_irq13
                0x100001c0                isr_irq27
                0x100001c0                isr_irq31
                0x100001c0                isr_irq12
                0x100001c0                isr_irq5
                0x100001c0                isr_irq11
                0x100001c0                isr_irq3
                0x100001c0                isr_irq23
                0x100001c0                __unhandled_user_irq
                0x100001c0                isr_irq26
                0x100001c0                isr_irq28
                0x100001c0                isr_irq19
                0x100001c0                isr_irq0
                0x100001c0                isr_irq6
                0x100001c0                isr_irq29
                0x100001c0                isr_irq16
                0x100001c0                isr_irq22
                0x100001c0                isr_irq18
                0x100001c0                isr_irq17
                0x100001c0                isr_irq14
                0x100001c0                __vectors_end
                0x100001c0                __default_isrs_start
                0x100001c0                isr_irq2
                0x100001c0                isr_irq10
                0x100001c0                isr_irq8
                0x100001c0                isr_irq24
                0x100001c0                isr_irq1
                0x100001c0                isr_irq7
                0x100001c0                isr_irq21
                0x100001c0                isr_irq20
                0x100001c0                isr_irq15
                0x100001c0                isr_irq25
                0x100001c0                isr_irq4
                0x100001c0                isr_irq30
                0x100001c0                isr_irq9
                0x100001c6                unhandled_user_irq_num_in_r0
                0x100001c8                isr_invalid
                0x100001ca                isr_nmi
                0x100001cc                isr_hardfault
                0x100001ce                isr_svcall
                0x100001d0                isr_pendsv
                0x100001d2                isr_systick
                0x100001d4                __default_isrs_end
 *(.binary_info_header)
 .binary_info_header
                0x100001d4       0x14 CMakeFiles/jp1_bridge.dir/C_/Users/wiesl/.pico-sdk/sdk/2.2.0/src/rp2_common/pico_crt0/crt0.S.obj
                0x100001e8                        __binary_info_header_end = .
 *(.embedded_block)
                0x100001e8                        __embedded_block_end = .
 *(.reset)
 .reset         0x100001e8       0x9c CMakeFiles/jp1_bridge.dir/C_/Users/wiesl/.pico-sdk/sdk/2.2.0/src/rp2_common/pico_crt0/crt0.S.obj
                0x100001e8                _entry_point
 *(.init)
 .init          0x10000284        0x4 C:/Users/wiesl/.pico-sdk/toolchain/14_2_Rel1/bin/../lib/gcc/arm-none-eabi/14.2.1/thumb/v6-m/nofp/crti.o
                0x10000284                _init
 *(EXCLUDE_FILE(*libm.a: *libc.a:*lib_a-mem*.o *libgcc.a:) .text*)
 .text.register_tm_clones
                0x10000288       0x28 C:/Users/wiesl/.pico-sdk/toolchain/14_2_Rel1/bin/../lib/gcc/arm-none-eabi/14.2.1/thumb/v6-m/nofp/crtbegin.o
 .text.frame_dummy
                0x100002b0       0x24 C:/Users/wiesl/.pico-sdk/toolchain/14_2_Rel1/bin/../lib/gcc/arm-none-eabi/14.2.1/thumb/v6-m/nofp/crtbegin.o
 .text.tud_cdc_line_state_cb
                0x100002d4       0x2c CMakeFiles/jp1_bridge.dir/main.c.obj
                0x100002d4                tud_cdc_line_state_cb
 .text.tud_cdc_line_coding_cb
                0x10000300       0x24 CMakeFiles/jp1_bridge.dir/main.c.obj
                0x10000300                tud_cdc_line_coding_cb
 .text.startup.main
                0x10000324      0x14c CMakeFiles/jp1_bridge.dir/main.c.obj
                0x10000324                main
 .text.tud_descriptor_device_cb
                0x10000470        0x8 CMakeFiles/jp1_bridge.dir/usb_descriptors.c.obj
                0x10000470                tud_descriptor_device_cb
 .text.tud_descriptor_configuration_cb
                0x10000478        0x8 CMakeFiles/jp1_bridge.dir/usb_descriptors.c.obj
                0x10000478                tud_descriptor_configuration_cb
 .text.tud_descriptor_string_cb
                0x10000480       0x74 CMakeFiles/jp1_bridge.dir/usb_descriptors.c.obj
                0x10000480                tud_descriptor_string_cb
 .text.gpio_set_function
                0x100004f4       0x34 CMakeFiles/jp1_bridge.dir/C_/Users/wiesl/.pico-sdk/sdk/2.2.0/src/rp2_common/hardware_gpio/gpio.c.obj
                0x100004f4                gpio_set_function
 .text.gpio_set_pulls
                0x10000528       0x28 CMakeFiles/jp1_bridge.dir/C_/Users/wiesl/.pico-sdk/sdk/2.2.0/src/rp2_common/hardware_gpio/gpio.c.obj
                0x10000528                gpio_set_pulls
 .text.gpio_init
                0x10000550       0x40 CMakeFiles/jp1_bridge.dir/C_/Users/wiesl/.pico-sdk/sdk/2.2.0/src/rp2_common/hardware_gpio/gpio.c.obj
                0x10000550                gpio_init
 .text.rp2040_chip_version
                0x10000590        0xc CMakeFiles/jp1_bridge.dir/C_/Users/wiesl/.pico-sdk/sdk/2.2.0/src/rp2040/pico_platform/platform.c.obj
                0x10000590                rp2040_chip_version
 .text.panic    0x1000059c       0x30 CMakeFiles/jp1_bridge.dir/C_/Users/wiesl/.pico-sdk/sdk/2.2.0/src/rp2_common/pico_platform_panic/panic.c.obj
                0x1000059c                panic
 .text.hw_claim_or_assert
                0x100005cc       0x44 CMakeFiles/jp1_bridge.dir/C_/Users/wiesl/.pico-sdk/sdk/2.2.0/src/common/hardware_claim/claim.c.obj
                0x100005cc                hw_claim_or_assert
 .text.hw_claim_unused_from_range
                0x10000610       0x88 CMakeFiles/jp1_bridge.dir/C_/Users/wiesl/.pico-sdk/sdk/2.2.0/src/common/hardware_claim/claim.c.obj
                0x10000610                hw_claim_unused_from_range
 .text.next_striped_spin_lock_num
                0x10000698       0x18 CMakeFiles/jp1_bridge.dir/C_/Users/wiesl/.pico-sdk/sdk/2.2.0/src/rp2_common/hardware_sync/sync.c.obj
                0x10000698                next_striped_spin_lock_num
 .text.spin_lock_claim_unused
                0x100006b0       0x24 CMakeFiles/jp1_bridge.dir/C_/Users/wiesl/.pico-sdk/sdk/2.2.0/src/rp2_common/hardware_sync/sync.c.obj
                0x100006b0                spin_lock_claim_unused
 .text.spin_locks_reset
                0x100006d4       0x1c CMakeFiles/jp1_bridge.dir/C_/Users/wiesl/.pico-sdk/sdk/2.2.0/src/rp2_common/hardware_sync_spin_lock/sync_spin_lock.c.obj
                0x100006d4                spin_locks_reset
 .text.runtime_init_per_core_irq_priorities
                0x100006f0       0x24 CMakeFiles/jp1_bridge.dir/C_/Users/wiesl/.pico-sdk/sdk/2.2.0/src/rp2_common/hardware_irq/irq.c.obj
                0x100006f0                runtime_init_per_core_irq_priorities
 .text.irq_set_enabled
                0x10000714       0x24 CMakeFiles/jp1_bridge.dir/C_/Users/wiesl/.pico-sdk/sdk/2.2.0/src/rp2_common/hardware_irq/irq.c.obj
                0x10000714                irq_set_enabled
 .text.irq_set_exclusive_handler
                0x10000738       0x54 CMakeFiles/jp1_bridge.dir/C_/Users/wiesl/.pico-sdk/sdk/2.2.0/src/rp2_common/hardware_irq/irq.c.obj
                0x10000738                irq_set_exclusive_handler
 .text.irq_add_shared_handler
                0x1000078c      0x1f4 CMakeFiles/jp1_bridge.dir/C_/Users/wiesl/.pico-sdk/sdk/2.2.0/src/rp2_common/hardware_irq/irq.c.obj
                0x1000078c                irq_add_shared_handler
 .text.irq_add_tail_to_free_list
                0x10000980       0xb4 CMakeFiles/jp1_bridge.dir/C_/Users/wiesl/.pico-sdk/sdk/2.2.0/src/rp2_common/hardware_irq/irq.c.obj
                0x10000980                irq_add_tail_to_free_list
 .text.lock_init
                0x10000a34       0x10 CMakeFiles/jp1_bridge.dir/C_/Users/wiesl/.pico-sdk/sdk/2.2.0/src/common/pico_sync/lock_core.c.obj
                0x10000a34                lock_init
 .text.runtime_init_mutex
                0x10000a44       0x50 CMakeFiles/jp1_bridge.dir/C_/Users/wiesl/.pico-sdk/sdk/2.2.0/src/common/pico_sync/mutex.c.obj
                0x10000a44                runtime_init_mutex
 .text.mutex_init
                0x10000a94       0x1c CMakeFiles/jp1_bridge.dir/C_/Users/wiesl/.pico-sdk/sdk/2.2.0/src/common/pico_sync/mutex.c.obj
                0x10000a94                mutex_init
 .text.critical_section_init
                0x10000ab0       0x1c CMakeFiles/jp1_bridge.dir/C_/Users/wiesl/.pico-sdk/sdk/2.2.0/src/common/pico_sync/critical_section.c.obj
                0x10000ab0                critical_section_init
 .text.sleep_until_callback
                0x10000acc       0x30 CMakeFiles/jp1_bridge.dir/C_/Users/wiesl/.pico-sdk/sdk/2.2.0/src/common/pico_time/time.c.obj
 .text.alarm_pool_irq_handler
                0x10000afc      0x300 CMakeFiles/jp1_bridge.dir/C_/Users/wiesl/.pico-sdk/sdk/2.2.0/src/common/pico_time/time.c.obj
 .text.runtime_init_default_alarm_pool
                0x10000dfc       0xdc CMakeFiles/jp1_bridge.dir/C_/Users/wiesl/.pico-sdk/sdk/2.2.0/src/common/pico_time/time.c.obj
                0x10000dfc                runtime_init_default_alarm_pool
 .text.alarm_pool_add_alarm_at_force_in_context
                0x10000ed8       0xb0 CMakeFiles/jp1_bridge.dir/C_/Users/wiesl/.pico-sdk/sdk/2.2.0/src/common/pico_time/time.c.obj
                0x10000ed8                alarm_pool_add_alarm_at_force_in_context
 .text.alarm_pool_cancel_alarm
                0x10000f88       0x74 CMakeFiles/jp1_bridge.dir/C_/Users/wiesl/.pico-sdk/sdk/2.2.0/src/common/pico_time/time.c.obj
                0x10000f88                alarm_pool_cancel_alarm
 .text.sleep_ms
                0x10000ffc       0xfc CMakeFiles/jp1_bridge.dir/C_/Users/wiesl/.pico-sdk/sdk/2.2.0/src/common/pico_time/time.c.obj
                0x10000ffc                sleep_ms
 .text.best_effort_wfe_or_timeout
                0x100010f8      0x10c CMakeFiles/jp1_bridge.dir/C_/Users/wiesl/.pico-sdk/sdk/2.2.0/src/common/pico_time/time.c.obj
                0x100010f8                best_effort_wfe_or_timeout
 .text.timer_hardware_alarm_claim
                0x10001204       0x14 CMakeFiles/jp1_bridge.dir/C_/Users/wiesl/.pico-sdk/sdk/2.2.0/src/rp2_common/hardware_timer/timer.c.obj
                0x10001204                timer_hardware_alarm_claim
 .text.timer_time_us_64
                0x10001218       0x10 CMakeFiles/jp1_bridge.dir/C_/Users/wiesl/.pico-sdk/sdk/2.2.0/src/rp2_common/hardware_timer/timer.c.obj
                0x10001218                timer_time_us_64
 .text.time_us_64
                0x10001228       0x14 CMakeFiles/jp1_bridge.dir/C_/Users/wiesl/.pico-sdk/sdk/2.2.0/src/rp2_common/hardware_timer/timer.c.obj
                0x10001228                time_us_64
 .text.busy_wait_us
                0x1000123c       0x68 CMakeFiles/jp1_bridge.dir/C_/Users/wiesl/.pico-sdk/sdk/2.2.0/src/rp2_common/hardware_timer/timer.c.obj
                0x1000123c                busy_wait_us
 .text.busy_wait_until
                0x100012a4       0x20 CMakeFiles/jp1_bridge.dir/C_/Users/wiesl/.pico-sdk/sdk/2.2.0/src/rp2_common/hardware_timer/timer.c.obj
                0x100012a4                busy_wait_until
 .text.uart_init
                0x100012c4      0x120 CMakeFiles/jp1_bridge.dir/C_/Users/wiesl/.pico-sdk/sdk/2.2.0/src/rp2_common/hardware_uart/uart.c.obj
                0x100012c4                uart_init
 .text.uart_set_baudrate
                0x100013e4       0xb4 CMakeFiles/jp1_bridge.dir/C_/Users/wiesl/.pico-sdk/sdk/2.2.0/src/rp2_common/hardware_uart/uart.c.obj
                0x100013e4                uart_set_baudrate
 .text.clock_configure_int_divider
                0x10001498       0xf4 CMakeFiles/jp1_bridge.dir/C_/Users/wiesl/.pico-sdk/sdk/2.2.0/src/rp2_common/hardware_clocks/clocks.c.obj
                0x10001498                clock_configure_int_divider
 .text.clock_configure_undivided
                0x1000158c       0xe8 CMakeFiles/jp1_bridge.dir/C_/Users/wiesl/.pico-sdk/sdk/2.2.0/src/rp2_common/hardware_clocks/clocks.c.obj
                0x1000158c                clock_configure_undivided
 .text.clock_get_hz
                0x10001674        0xc CMakeFiles/jp1_bridge.dir/C_/Users/wiesl/.pico-sdk/sdk/2.2.0/src/rp2_common/hardware_clocks/clocks.c.obj
                0x10001674                clock_get_hz
 .text.pll_init
                0x10001680       0xa4 CMakeFiles/jp1_bridge.dir/C_/Users/wiesl/.pico-sdk/sdk/2.2.0/src/rp2_common/hardware_pll/pll.c.obj
                0x10001680                pll_init
 .text.tick_start
                0x10001724       0x10 CMakeFiles/jp1_bridge.dir/C_/Users/wiesl/.pico-sdk/sdk/2.2.0/src/rp2_common/hardware_ticks/ticks.c.obj
                0x10001724                tick_start
 .text.rom_func_lookup
                0x10001734       0x10 CMakeFiles/jp1_bridge.dir/C_/Users/wiesl/.pico-sdk/sdk/2.2.0/src/rp2_common/pico_bootrom/bootrom.c.obj
                0x10001734                rom_func_lookup
 .text.rom_data_lookup
                0x10001744       0x10 CMakeFiles/jp1_bridge.dir/C_/Users/wiesl/.pico-sdk/sdk/2.2.0/src/rp2_common/pico_bootrom/bootrom.c.obj
                0x10001744                rom_data_lookup
 .text.rom_funcs_lookup
                0x10001754       0x44 CMakeFiles/jp1_bridge.dir/C_/Users/wiesl/.pico-sdk/sdk/2.2.0/src/rp2_common/pico_bootrom/bootrom.c.obj
                0x10001754                rom_funcs_lookup
 .text.xosc_init
                0x10001798       0x28 CMakeFiles/jp1_bridge.dir/C_/Users/wiesl/.pico-sdk/sdk/2.2.0/src/rp2_common/hardware_xosc/xosc.c.obj
                0x10001798                xosc_init
 .text.first_per_core_initializer
                0x100017c0        0x4 CMakeFiles/jp1_bridge.dir/C_/Users/wiesl/.pico-sdk/sdk/2.2.0/src/rp2_common/pico_runtime/runtime.c.obj
 .text.hard_assertion_failure
                0x100017c4        0xc CMakeFiles/jp1_bridge.dir/C_/Users/wiesl/.pico-sdk/sdk/2.2.0/src/rp2_common/pico_runtime/runtime.c.obj
                0x100017c4                hard_assertion_failure
 .text.runtime_run_initializers
                0x100017d0       0x28 CMakeFiles/jp1_bridge.dir/C_/Users/wiesl/.pico-sdk/sdk/2.2.0/src/rp2_common/pico_runtime/runtime.c.obj
                0x100017d0                runtime_run_initializers
 .text.runtime_init_early_resets
                0x100017f8       0x2c CMakeFiles/jp1_bridge.dir/C_/Users/wiesl/.pico-sdk/sdk/2.2.0/src/rp2_common/pico_runtime_init/runtime_init.c.obj
                0x100017f8                runtime_init_early_resets
 .text.runtime_init_usb_power_down
                0x10001824       0x1c CMakeFiles/jp1_bridge.dir/C_/Users/wiesl/.pico-sdk/sdk/2.2.0/src/rp2_common/pico_runtime_init/runtime_init.c.obj
                0x10001824                runtime_init_usb_power_down
 .text.runtime_init_post_clock_resets
                0x10001840       0x20 CMakeFiles/jp1_bridge.dir/C_/Users/wiesl/.pico-sdk/sdk/2.2.0/src/rp2_common/pico_runtime_init/runtime_init.c.obj
                0x10001840                runtime_init_post_clock_resets
 .text.runtime_init_rp2040_gpio_ie_disable
                0x10001860       0x14 CMakeFiles/jp1_bridge.dir/C_/Users/wiesl/.pico-sdk/sdk/2.2.0/src/rp2_common/pico_runtime_init/runtime_init.c.obj
                0x10001860                runtime_init_rp2040_gpio_ie_disable
 .text.runtime_init_spin_locks_reset
                0x10001874        0x8 CMakeFiles/jp1_bridge.dir/C_/Users/wiesl/.pico-sdk/sdk/2.2.0/src/rp2_common/pico_runtime_init/runtime_init.c.obj
                0x10001874                runtime_init_spin_locks_reset
 .text.runtime_init_install_ram_vector_table
                0x1000187c       0xb4 CMakeFiles/jp1_bridge.dir/C_/Users/wiesl/.pico-sdk/sdk/2.2.0/src/rp2_common/pico_runtime_init/runtime_init.c.obj
                0x1000187c                runtime_init_install_ram_vector_table
 .text.runtime_init_clocks
                0x10001930       0xd8 CMakeFiles/jp1_bridge.dir/C_/Users/wiesl/.pico-sdk/sdk/2.2.0/src/rp2_common/pico_runtime_init/runtime_init_clocks.c.obj
                0x10001930                runtime_init_clocks
 .text          0x10001a08       0x10 CMakeFiles/jp1_bridge.dir/C_/Users/wiesl/.pico-sdk/sdk/2.2.0/src/rp2_common/pico_bit_ops/bit_ops_aeabi.S.obj
 .text.__wrap___aeabi_uidiv
                0x10001a18       0x4c CMakeFiles/jp1_bridge.dir/C_/Users/wiesl/.pico-sdk/sdk/2.2.0/src/rp2_common/pico_divider/divider_hardware.S.obj
                0x10001a18                __wrap___aeabi_uidiv
                0x10001a18                __wrap___aeabi_uidivmod
                0x10001a18                div_u32u32
                0x10001a18                divmod_u32u32
                0x10001a20                divmod_u32u32_unsafe
                0x10001a48                divmod_u32u32_savestate
 .text.__aeabi_double_init
                0x10001a64       0xa4 CMakeFiles/jp1_bridge.dir/C_/Users/wiesl/.pico-sdk/sdk/2.2.0/src/rp2_common/pico_double/double_init_rom_rp2040.c.obj
                0x10001a64                __aeabi_double_init
 .text.double_table_shim_on_use_helper
                0x10001b08       0x2c CMakeFiles/jp1_bridge.dir/C_/Users/wiesl/.pico-sdk/sdk/2.2.0/src/rp2_common/pico_double/double_v1_rom_shim_rp2040.S.obj
                0x10001b08                double_table_shim_on_use_helper
 .text.__aeabi_lmul
                0x10001b34       0x32 CMakeFiles/jp1_bridge.dir/C_/Users/wiesl/.pico-sdk/sdk/2.2.0/src/rp2_common/pico_int64_ops/pico_int64_ops_aeabi.S.obj
                0x10001b34                __wrap___aeabi_lmul
 *fill*         0x10001b66        0x2 
 .text.__aeabi_float_init
                0x10001b68       0x64 CMakeFiles/jp1_bridge.dir/C_/Users/wiesl/.pico-sdk/sdk/2.2.0/src/rp2_common/pico_float/float_init_rom_rp2040.c.obj
                0x10001b68                __aeabi_float_init
 .text.float_table_shim_on_use_helper
                0x10001bcc       0x2c CMakeFiles/jp1_bridge.dir/C_/Users/wiesl/.pico-sdk/sdk/2.2.0/src/rp2_common/pico_float/float_v1_rom_shim_rp2040.S.obj
                0x10001bcc                float_table_shim_on_use_helper
 .text          0x10001bf8       0x10 CMakeFiles/jp1_bridge.dir/C_/Users/wiesl/.pico-sdk/sdk/2.2.0/src/rp2_common/pico_mem_ops/mem_ops_aeabi.S.obj
                0x10001bf8                __aeabi_mem_init
 .text.memset   0x10001c08        0xc CMakeFiles/jp1_bridge.dir/C_/Users/wiesl/.pico-sdk/sdk/2.2.0/src/rp2_common/pico_mem_ops/mem_ops_aeabi.S.obj
                0x10001c08                __wrap_memset
 .text.memcpy   0x10001c14        0xc CMakeFiles/jp1_bridge.dir/C_/Users/wiesl/.pico-sdk/sdk/2.2.0/src/rp2_common/pico_mem_ops/mem_ops_aeabi.S.obj
                0x10001c14                __wrap_memcpy
                0x10001c14                __wrap___aeabi_memcpy
 .text._out_char
                0x10001c20       0x10 CMakeFiles/jp1_bridge.dir/C_/Users/wiesl/.pico-sdk/sdk/2.2.0/src/rp2_common/pico_printf/printf.c.obj
 .text.weak_raw_vprintf
                0x10001c30       0x30 CMakeFiles/jp1_bridge.dir/C_/Users/wiesl/.pico-sdk/sdk/2.2.0/src/rp2_common/pico_printf/printf.c.obj
                0x10001c30                weak_raw_vprintf
 .text._exit    0x10001c60        0x4 CMakeFiles/jp1_bridge.dir/C_/Users/wiesl/.pico-sdk/sdk/2.2.0/src/rp2_common/pico_clib_interface/newlib_interface.c.obj
                0x10001c60                _exit
 .text.exit     0x10001c64        0x8 CMakeFiles/jp1_bridge.dir/C_/Users/wiesl/.pico-sdk/sdk/2.2.0/src/rp2_common/pico_clib_interface/newlib_interface.c.obj
                0x10001c64                exit
 .text.runtime_init
                0x10001c6c       0x2c CMakeFiles/jp1_bridge.dir/C_/Users/wiesl/.pico-sdk/sdk/2.2.0/src/rp2_common/pico_clib_interface/newlib_interface.c.obj
                0x10001c6c                runtime_init
 .text.stdio_out_chars_no_crlf
                0x10001c98       0x10 CMakeFiles/jp1_bridge.dir/C_/Users/wiesl/.pico-sdk/sdk/2.2.0/src/rp2_common/pico_stdio/stdio.c.obj
 .text.stdio_out_chars_crlf
                0x10001ca8       0xb0 CMakeFiles/jp1_bridge.dir/C_/Users/wiesl/.pico-sdk/sdk/2.2.0/src/rp2_common/pico_stdio/stdio.c.obj
 .text.stdio_put_string
                0x10001d58       0xfc CMakeFiles/jp1_bridge.dir/C_/Users/wiesl/.pico-sdk/sdk/2.2.0/src/rp2_common/pico_stdio/stdio.c.obj
                0x10001d58                stdio_put_string
 .text.__wrap_putchar
                0x10001e54       0x94 CMakeFiles/jp1_bridge.dir/C_/Users/wiesl/.pico-sdk/sdk/2.2.0/src/rp2_common/pico_stdio/stdio.c.obj
                0x10001e54                __wrap_putchar
                0x10001e54                stdio_putchar
 .text.__wrap_puts
                0x10001ee8       0x3c CMakeFiles/jp1_bridge.dir/C_/Users/wiesl/.pico-sdk/sdk/2.2.0/src/rp2_common/pico_stdio/stdio.c.obj
                0x10001ee8                stdio_puts
                0x10001ee8                __wrap_puts
 .text.dcd_init
                0x10001f24       0x90 CMakeFiles/jp1_bridge.dir/C_/Users/wiesl/.pico-sdk/sdk/2.2.0/lib/tinyusb/src/portable/raspberrypi/rp2040/dcd_rp2040.c.obj
                0x10001f24                dcd_init
 .text.dcd_int_enable
                0x10001fb4        0xc CMakeFiles/jp1_bridge.dir/C_/Users/wiesl/.pico-sdk/sdk/2.2.0/lib/tinyusb/src/portable/raspberrypi/rp2040/dcd_rp2040.c.obj
                0x10001fb4                dcd_int_enable
 .text.dcd_set_address
                0x10001fc0       0x14 CMakeFiles/jp1_bridge.dir/C_/Users/wiesl/.pico-sdk/sdk/2.2.0/lib/tinyusb/src/portable/raspberrypi/rp2040/dcd_rp2040.c.obj
                0x10001fc0                dcd_set_address
 .text.dcd_sof_enable
                0x10001fd4       0x1c CMakeFiles/jp1_bridge.dir/C_/Users/wiesl/.pico-sdk/sdk/2.2.0/lib/tinyusb/src/portable/raspberrypi/rp2040/dcd_rp2040.c.obj
                0x10001fd4                dcd_sof_enable
 .text.dcd_edpt0_status_complete
                0x10001ff0       0x1c CMakeFiles/jp1_bridge.dir/C_/Users/wiesl/.pico-sdk/sdk/2.2.0/lib/tinyusb/src/portable/raspberrypi/rp2040/dcd_rp2040.c.obj
                0x10001ff0                dcd_edpt0_status_complete
 .text.dcd_edpt_open
                0x1000200c      0x114 CMakeFiles/jp1_bridge.dir/C_/Users/wiesl/.pico-sdk/sdk/2.2.0/lib/tinyusb/src/portable/raspberrypi/rp2040/dcd_rp2040.c.obj
                0x1000200c                dcd_edpt_open
 .text.dcd_edpt_close_all
                0x10002120        0x8 CMakeFiles/jp1_bridge.dir/C_/Users/wiesl/.pico-sdk/sdk/2.2.0/lib/tinyusb/src/portable/raspberrypi/rp2040/dcd_rp2040.c.obj
                0x10002120                dcd_edpt_close_all
 .text.dcd_edpt_xfer
                0x10002128       0x24 CMakeFiles/jp1_bridge.dir/C_/Users/wiesl/.pico-sdk/sdk/2.2.0/lib/tinyusb/src/portable/raspberrypi/rp2040/dcd_rp2040.c.obj
                0x10002128                dcd_edpt_xfer
 .text.dcd_edpt_stall
                0x1000214c       0x3c CMakeFiles/jp1_bridge.dir/C_/Users/wiesl/.pico-sdk/sdk/2.2.0/lib/tinyusb/src/portable/raspberrypi/rp2040/dcd_rp2040.c.obj
                0x1000214c                dcd_edpt_stall
 .text.dcd_edpt_clear_stall
                0x10002188       0x30 CMakeFiles/jp1_bridge.dir/C_/Users/wiesl/.pico-sdk/sdk/2.2.0/lib/tinyusb/src/portable/raspberrypi/rp2040/dcd_rp2040.c.obj
                0x10002188                dcd_edpt_clear_stall
 .text.rp2040_usb_init
                0x100021b8       0x40 CMakeFiles/jp1_bridge.dir/C_/Users/wiesl/.pico-sdk/sdk/2.2.0/lib/tinyusb/src/portable/raspberrypi/rp2040/rp2040_usb.c.obj
                0x100021b8                rp2040_usb_init
 .text.hw_endpoint_xfer_start
                0x100021f8       0x40 CMakeFiles/jp1_bridge.dir/C_/Users/wiesl/.pico-sdk/sdk/2.2.0/lib/tinyusb/src/portable/raspberrypi/rp2040/rp2040_usb.c.obj
                0x100021f8                hw_endpoint_xfer_start
 .text.tud_vendor_control_xfer_cb
                0x10002238        0x4 CMakeFiles/jp1_bridge.dir/C_/Users/wiesl/.pico-sdk/sdk/2.2.0/lib/tinyusb/src/device/usbd.c.obj
                0x10002238                tud_vendor_control_xfer_cb
 .text.tud_event_hook_cb
                0x1000223c        0x4 CMakeFiles/jp1_bridge.dir/C_/Users/wiesl/.pico-sdk/sdk/2.2.0/lib/tinyusb/src/device/usbd.c.obj
                0x1000223c                tud_event_hook_cb
 .text.tud_sof_cb
                0x10002240        0x4 CMakeFiles/jp1_bridge.dir/C_/Users/wiesl/.pico-sdk/sdk/2.2.0/lib/tinyusb/src/device/usbd.c.obj
                0x10002240                tud_sof_cb
 .text.tud_descriptor_bos_cb
                0x10002244        0x4 CMakeFiles/jp1_bridge.dir/C_/Users/wiesl/.pico-sdk/sdk/2.2.0/lib/tinyusb/src/device/usbd.c.obj
                0x10002244                tud_descriptor_bos_cb
 .text.tud_descriptor_device_qualifier_cb
                0x10002248        0x4 CMakeFiles/jp1_bridge.dir/C_/Users/wiesl/.pico-sdk/sdk/2.2.0/lib/tinyusb/src/device/usbd.c.obj
                0x10002248                tud_descriptor_device_qualifier_cb
 .text.tud_descriptor_other_speed_configuration_cb
                0x1000224c        0x4 CMakeFiles/jp1_bridge.dir/C_/Users/wiesl/.pico-sdk/sdk/2.2.0/lib/tinyusb/src/device/usbd.c.obj
                0x1000224c                tud_descriptor_other_speed_configuration_cb
 .text.tud_mount_cb
                0x10002250        0x4 CMakeFiles/jp1_bridge.dir/C_/Users/wiesl/.pico-sdk/sdk/2.2.0/lib/tinyusb/src/device/usbd.c.obj
                0x10002250                tud_mount_cb
 .text.tud_umount_cb
                0x10002254        0x4 CMakeFiles/jp1_bridge.dir/C_/Users/wiesl/.pico-sdk/sdk/2.2.0/lib/tinyusb/src/device/usbd.c.obj
                0x10002254                tud_umount_cb
 .text.tud_suspend_cb
                0x10002258        0x4 CMakeFiles/jp1_bridge.dir/C_/Users/wiesl/.pico-sdk/sdk/2.2.0/lib/tinyusb/src/device/usbd.c.obj
                0x10002258                tud_suspend_cb
 .text.tud_resume_cb
                0x1000225c        0x4 CMakeFiles/jp1_bridge.dir/C_/Users/wiesl/.pico-sdk/sdk/2.2.0/lib/tinyusb/src/device/usbd.c.obj
                0x1000225c                tud_resume_cb
 .text.tud_mounted
                0x10002260       0x10 CMakeFiles/jp1_bridge.dir/C_/Users/wiesl/.pico-sdk/sdk/2.2.0/lib/tinyusb/src/device/usbd.c.obj
                0x10002260                tud_mounted
 .text.tud_suspended
                0x10002270       0x10 CMakeFiles/jp1_bridge.dir/C_/Users/wiesl/.pico-sdk/sdk/2.2.0/lib/tinyusb/src/device/usbd.c.obj
                0x10002270                tud_suspended
 .text.tud_rhport_init
                0x10002280       0xec CMakeFiles/jp1_bridge.dir/C_/Users/wiesl/.pico-sdk/sdk/2.2.0/lib/tinyusb/src/device/usbd.c.obj
                0x10002280                tud_rhport_init
 .text.tud_task_ext
                0x1000236c      0x7d8 CMakeFiles/jp1_bridge.dir/C_/Users/wiesl/.pico-sdk/sdk/2.2.0/lib/tinyusb/src/device/usbd.c.obj
                0x1000236c                tud_task_ext
 .text.usbd_open_edpt_pair
                0x10002b44       0x9c CMakeFiles/jp1_bridge.dir/C_/Users/wiesl/.pico-sdk/sdk/2.2.0/lib/tinyusb/src/device/usbd.c.obj
                0x10002b44                usbd_open_edpt_pair
 .text.usbd_edpt_open
                0x10002be0       0x34 CMakeFiles/jp1_bridge.dir/C_/Users/wiesl/.pico-sdk/sdk/2.2.0/lib/tinyusb/src/device/usbd.c.obj
                0x10002be0                usbd_edpt_open
 .text.usbd_edpt_claim
                0x10002c14       0x28 CMakeFiles/jp1_bridge.dir/C_/Users/wiesl/.pico-sdk/sdk/2.2.0/lib/tinyusb/src/device/usbd.c.obj
                0x10002c14                usbd_edpt_claim
 .text.usbd_edpt_release
                0x10002c3c       0x28 CMakeFiles/jp1_bridge.dir/C_/Users/wiesl/.pico-sdk/sdk/2.2.0/lib/tinyusb/src/device/usbd.c.obj
                0x10002c3c                usbd_edpt_release
 .text.usbd_edpt_xfer
                0x10002c64       0x4c CMakeFiles/jp1_bridge.dir/C_/Users/wiesl/.pico-sdk/sdk/2.2.0/lib/tinyusb/src/device/usbd.c.obj
                0x10002c64                usbd_edpt_xfer
 .text.tud_control_status
                0x10002cb0       0x2c CMakeFiles/jp1_bridge.dir/C_/Users/wiesl/.pico-sdk/sdk/2.2.0/lib/tinyusb/src/device/usbd_control.c.obj
                0x10002cb0                tud_control_status
 .text.tud_control_xfer
                0x10002cdc       0xa8 CMakeFiles/jp1_bridge.dir/C_/Users/wiesl/.pico-sdk/sdk/2.2.0/lib/tinyusb/src/device/usbd_control.c.obj
                0x10002cdc                tud_control_xfer
 .text.usbd_control_reset
                0x10002d84       0x14 CMakeFiles/jp1_bridge.dir/C_/Users/wiesl/.pico-sdk/sdk/2.2.0/lib/tinyusb/src/device/usbd_control.c.obj
                0x10002d84                usbd_control_reset
 .text.usbd_control_set_complete_callback
                0x10002d98        0xc CMakeFiles/jp1_bridge.dir/C_/Users/wiesl/.pico-sdk/sdk/2.2.0/lib/tinyusb/src/device/usbd_control.c.obj
                0x10002d98                usbd_control_set_complete_callback
 .text.usbd_control_set_request
                0x10002da4       0x1c CMakeFiles/jp1_bridge.dir/C_/Users/wiesl/.pico-sdk/sdk/2.2.0/lib/tinyusb/src/device/usbd_control.c.obj
                0x10002da4                usbd_control_set_request
 .text.usbd_control_xfer_cb
                0x10002dc0       0xec CMakeFiles/jp1_bridge.dir/C_/Users/wiesl/.pico-sdk/sdk/2.2.0/lib/tinyusb/src/device/usbd_control.c.obj
                0x10002dc0                usbd_control_xfer_cb
 .text._prep_out_transaction.isra.0
                0x10002eac       0x70 CMakeFiles/jp1_bridge.dir/C_/Users/wiesl/.pico-sdk/sdk/2.2.0/lib/tinyusb/src/class/cdc/cdc_device.c.obj
 .text.tud_cdc_n_connected
                0x10002f1c       0x34 CMakeFiles/jp1_bridge.dir/C_/Users/wiesl/.pico-sdk/sdk/2.2.0/lib/tinyusb/src/class/cdc/cdc_device.c.obj
                0x10002f1c                tud_cdc_n_connected
 .text.tud_cdc_n_available
                0x10002f50       0x1c CMakeFiles/jp1_bridge.dir/C_/Users/wiesl/.pico-sdk/sdk/2.2.0/lib/tinyusb/src/class/cdc/cdc_device.c.obj
                0x10002f50                tud_cdc_n_available
 .text.tud_cdc_n_read
                0x10002f6c       0x9c CMakeFiles/jp1_bridge.dir/C_/Users/wiesl/.pico-sdk/sdk/2.2.0/lib/tinyusb/src/class/cdc/cdc_device.c.obj
                0x10002f6c                tud_cdc_n_read
 .text.tud_cdc_n_write_flush
                0x10003008       0x7c CMakeFiles/jp1_bridge.dir/C_/Users/wiesl/.pico-sdk/sdk/2.2.0/lib/tinyusb/src/class/cdc/cdc_device.c.obj
                0x10003008                tud_cdc_n_write_flush
 .text.tud_cdc_n_write
                0x10003084       0x44 CMakeFiles/jp1_bridge.dir/C_/Users/wiesl/.pico-sdk/sdk/2.2.0/lib/tinyusb/src/class/cdc/cdc_device.c.obj
                0x10003084                tud_cdc_n_write
 .text.cdcd_init
                0x100030c8       0x7c CMakeFiles/jp1_bridge.dir/C_/Users/wiesl/.pico-sdk/sdk/2.2.0/lib/tinyusb/src/class/cdc/cdc_device.c.obj
                0x100030c8                cdcd_init
 .text.cdcd_deinit
                0x10003144       0x30 CMakeFiles/jp1_bridge.dir/C_/Users/wiesl/.pico-sdk/sdk/2.2.0/lib/tinyusb/src/class/cdc/cdc_device.c.obj
                0x10003144                cdcd_deinit
 .text.cdcd_reset
                0x10003174       0x4c CMakeFiles/jp1_bridge.dir/C_/Users/wiesl/.pico-sdk/sdk/2.2.0/lib/tinyusb/src/class/cdc/cdc_device.c.obj
                0x10003174                cdcd_reset
 .text.cdcd_open
                0x100031c0       0xa4 CMakeFiles/jp1_bridge.dir/C_/Users/wiesl/.pico-sdk/sdk/2.2.0/lib/tinyusb/src/class/cdc/cdc_device.c.obj
                0x100031c0                cdcd_open
 .text.cdcd_control_xfer_cb
                0x10003264       0xe8 CMakeFiles/jp1_bridge.dir/C_/Users/wiesl/.pico-sdk/sdk/2.2.0/lib/tinyusb/src/class/cdc/cdc_device.c.obj
                0x10003264                cdcd_control_xfer_cb
 .text.cdcd_xfer_cb
                0x1000334c      0x100 CMakeFiles/jp1_bridge.dir/C_/Users/wiesl/.pico-sdk/sdk/2.2.0/lib/tinyusb/src/class/cdc/cdc_device.c.obj
                0x1000334c                cdcd_xfer_cb
 .text.tusb_rhport_init
                0x1000344c       0x4c CMakeFiles/jp1_bridge.dir/C_/Users/wiesl/.pico-sdk/sdk/2.2.0/lib/tinyusb/src/tusb.c.obj
                0x1000344c                tusb_rhport_init
 .text.tu_edpt_claim
                0x10003498       0x50 CMakeFiles/jp1_bridge.dir/C_/Users/wiesl/.pico-sdk/sdk/2.2.0/lib/tinyusb/src/tusb.c.obj
                0x10003498                tu_edpt_claim
 .text.tu_edpt_release
                0x100034e8       0x38 CMakeFiles/jp1_bridge.dir/C_/Users/wiesl/.pico-sdk/sdk/2.2.0/lib/tinyusb/src/tusb.c.obj
                0x100034e8                tu_edpt_release
 .text.tu_edpt_validate
                0x10003520       0x7c CMakeFiles/jp1_bridge.dir/C_/Users/wiesl/.pico-sdk/sdk/2.2.0/lib/tinyusb/src/tusb.c.obj
                0x10003520                tu_edpt_validate
 .text.tu_edpt_bind_driver
                0x1000359c       0x34 CMakeFiles/jp1_bridge.dir/C_/Users/wiesl/.pico-sdk/sdk/2.2.0/lib/tinyusb/src/tusb.c.obj
                0x1000359c                tu_edpt_bind_driver
 .text.tu_fifo_config
                0x100035d0       0x6c CMakeFiles/jp1_bridge.dir/C_/Users/wiesl/.pico-sdk/sdk/2.2.0/lib/tinyusb/src/common/tusb_fifo.c.obj
                0x100035d0                tu_fifo_config
 .text.tu_fifo_count
                0x1000363c       0x2c CMakeFiles/jp1_bridge.dir/C_/Users/wiesl/.pico-sdk/sdk/2.2.0/lib/tinyusb/src/common/tusb_fifo.c.obj
                0x1000363c                tu_fifo_count
 .text.tu_fifo_empty
                0x10003668       0x10 CMakeFiles/jp1_bridge.dir/C_/Users/wiesl/.pico-sdk/sdk/2.2.0/lib/tinyusb/src/common/tusb_fifo.c.obj
                0x10003668                tu_fifo_empty
 .text.tu_fifo_remaining
                0x10003678       0x2c CMakeFiles/jp1_bridge.dir/C_/Users/wiesl/.pico-sdk/sdk/2.2.0/lib/tinyusb/src/common/tusb_fifo.c.obj
                0x10003678                tu_fifo_remaining
 .text.tu_fifo_read
                0x100036a4       0x9c CMakeFiles/jp1_bridge.dir/C_/Users/wiesl/.pico-sdk/sdk/2.2.0/lib/tinyusb/src/common/tusb_fifo.c.obj
                0x100036a4                tu_fifo_read
 .text.tu_fifo_read_n
                0x10003740       0xe8 CMakeFiles/jp1_bridge.dir/C_/Users/wiesl/.pico-sdk/sdk/2.2.0/lib/tinyusb/src/common/tusb_fifo.c.obj
                0x10003740                tu_fifo_read_n
 .text.tu_fifo_write
                0x10003828       0xa4 CMakeFiles/jp1_bridge.dir/C_/Users/wiesl/.pico-sdk/sdk/2.2.0/lib/tinyusb/src/common/tusb_fifo.c.obj
                0x10003828                tu_fifo_write
 .text.tu_fifo_write_n
                0x100038cc      0x178 CMakeFiles/jp1_bridge.dir/C_/Users/wiesl/.pico-sdk/sdk/2.2.0/lib/tinyusb/src/common/tusb_fifo.c.obj
                0x100038cc                tu_fifo_write_n
 .text.tu_fifo_clear
                0x10003a44       0x40 CMakeFiles/jp1_bridge.dir/C_/Users/wiesl/.pico-sdk/sdk/2.2.0/lib/tinyusb/src/common/tusb_fifo.c.obj
                0x10003a44                tu_fifo_clear
 .text.tu_fifo_set_overwritable
                0x10003a84       0x48 CMakeFiles/jp1_bridge.dir/C_/Users/wiesl/.pico-sdk/sdk/2.2.0/lib/tinyusb/src/common/tusb_fifo.c.obj
                0x10003a84                tu_fifo_set_overwritable
 .text.startup._retrieve_unique_id_on_boot
                0x10003acc       0x10 CMakeFiles/jp1_bridge.dir/C_/Users/wiesl/.pico-sdk/sdk/2.2.0/src/rp2_common/pico_unique_id/unique_id.c.obj
 .text.flash_get_unique_id
                0x10003adc       0x3c CMakeFiles/jp1_bridge.dir/C_/Users/wiesl/.pico-sdk/sdk/2.2.0/src/rp2_common/hardware_flash/flash.c.obj
                0x10003adc                flash_get_unique_id
 .text.strlen   0x10003b18       0x5c C:/Users/wiesl/.pico-sdk/toolchain/14_2_Rel1/bin/../lib/gcc/arm-none-eabi/14.2.1/thumb/v6-m/nofp\libg.a(libc_a-strlen-stub.o)
                0x10003b18                strlen
 *(.fini)
 .fini          0x10003b74        0x4 C:/Users/wiesl/.pico-sdk/toolchain/14_2_Rel1/bin/../lib/gcc/arm-none-eabi/14.2.1/thumb/v6-m/nofp/crti.o
                0x10003b74                _fini
 .fini.__stub   0x10003b78       0xa0 linker stubs
 *crtbegin.o(.ctors)
 *crtbegin?.o(.ctors)
 *(EXCLUDE_FILE(*crtend.o *crtend?.o) .ctors)
 *(SORT_BY_NAME(.ctors.*))
 *(.ctors)
 *crtbegin.o(.dtors)
 *crtbegin?.o(.dtors)
 *(EXCLUDE_FILE(*crtend.o *crtend?.o) .dtors)
 *(SORT_BY_NAME(.dtors.*))
 *(.dtors)
                0x10003c18                        . = ALIGN (0x4)
                0x10003c18                        PROVIDE (__preinit_array_start = .)
 *(SORT_BY_NAME(.preinit_array.*))
 .preinit_array.00100
                0x10003c18        0x4 CMakeFiles/jp1_bridge.dir/C_/Users/wiesl/.pico-sdk/sdk/2.2.0/src/rp2_common/pico_runtime_init/runtime_init.c.obj
                0x10003c18                __pre_init_runtime_init_early_resets
 .preinit_array.00101
                0x10003c1c        0x4 CMakeFiles/jp1_bridge.dir/C_/Users/wiesl/.pico-sdk/sdk/2.2.0/src/rp2_common/pico_runtime_init/runtime_init.c.obj
                0x10003c1c                __pre_init_runtime_init_usb_power_down
 .preinit_array.00275
                0x10003c20        0x4 CMakeFiles/jp1_bridge.dir/C_/Users/wiesl/.pico-sdk/sdk/2.2.0/src/rp2_common/pico_bit_ops/bit_ops_aeabi.S.obj
 .preinit_array.00300
                0x10003c24        0x4 CMakeFiles/jp1_bridge.dir/C_/Users/wiesl/.pico-sdk/sdk/2.2.0/src/rp2_common/pico_mem_ops/mem_ops_aeabi.S.obj
 .preinit_array.00350
                0x10003c28        0x4 CMakeFiles/jp1_bridge.dir/C_/Users/wiesl/.pico-sdk/sdk/2.2.0/src/rp2_common/pico_double/double_aeabi_rp2040.S.obj
 .preinit_array.00350
                0x10003c2c        0x4 CMakeFiles/jp1_bridge.dir/C_/Users/wiesl/.pico-sdk/sdk/2.2.0/src/rp2_common/pico_float/float_aeabi_rp2040.S.obj
 .preinit_array.00500
                0x10003c30        0x4 CMakeFiles/jp1_bridge.dir/C_/Users/wiesl/.pico-sdk/sdk/2.2.0/src/rp2_common/pico_runtime_init/runtime_init.c.obj
                0x10003c30                __pre_init_runtime_init_clocks
 .preinit_array.00600
                0x10003c34        0x4 CMakeFiles/jp1_bridge.dir/C_/Users/wiesl/.pico-sdk/sdk/2.2.0/src/rp2_common/pico_runtime_init/runtime_init.c.obj
                0x10003c34                __pre_init_runtime_init_post_clock_resets
 .preinit_array.00700
                0x10003c38        0x4 CMakeFiles/jp1_bridge.dir/C_/Users/wiesl/.pico-sdk/sdk/2.2.0/src/rp2_common/pico_runtime_init/runtime_init.c.obj
                0x10003c38                __pre_init_runtime_init_rp2040_gpio_ie_disable
 .preinit_array.01000
                0x10003c3c        0x4 CMakeFiles/jp1_bridge.dir/C_/Users/wiesl/.pico-sdk/sdk/2.2.0/src/rp2_common/pico_runtime_init/runtime_init.c.obj
                0x10003c3c                __pre_init_runtime_init_spin_locks_reset
 .preinit_array.01100
                0x10003c40        0x4 CMakeFiles/jp1_bridge.dir/C_/Users/wiesl/.pico-sdk/sdk/2.2.0/src/common/pico_sync/mutex.c.obj
                0x10003c40                __pre_init_runtime_init_mutex
 .preinit_array.10080
                0x10003c44        0x4 CMakeFiles/jp1_bridge.dir/C_/Users/wiesl/.pico-sdk/sdk/2.2.0/src/rp2_common/pico_runtime_init/runtime_init.c.obj
                0x10003c44                __pre_init_runtime_init_install_ram_vector_table
 .preinit_array.11000
                0x10003c48        0x4 CMakeFiles/jp1_bridge.dir/C_/Users/wiesl/.pico-sdk/sdk/2.2.0/src/common/pico_time/time.c.obj
                0x10003c48                __pre_init_runtime_init_default_alarm_pool
 .preinit_array.YYYYY
                0x10003c4c        0x4 CMakeFiles/jp1_bridge.dir/C_/Users/wiesl/.pico-sdk/sdk/2.2.0/src/rp2_common/pico_runtime/runtime.c.obj
                0x10003c4c                __pre_init_first_per_core_initializer
 .preinit_array.ZZZZZ.01200
                0x10003c50        0x4 CMakeFiles/jp1_bridge.dir/C_/Users/wiesl/.pico-sdk/sdk/2.2.0/src/rp2_common/hardware_irq/irq.c.obj
                0x10003c50                __pre_init_runtime_init_per_core_irq_priorities
 *(.preinit_array)
                0x10003c54                        PROVIDE (__preinit_array_end = .)
                0x10003c54                        . = ALIGN (0x4)
                0x10003c54                        PROVIDE (__init_array_start = .)
 *(SORT_BY_NAME(.init_array.*))
 .init_array.01000
                0x10003c54        0x4 CMakeFiles/jp1_bridge.dir/C_/Users/wiesl/.pico-sdk/sdk/2.2.0/src/rp2_common/pico_unique_id/unique_id.c.obj
 *(.init_array)
 .init_array    0x10003c58        0x4 C:/Users/wiesl/.pico-sdk/toolchain/14_2_Rel1/bin/../lib/gcc/arm-none-eabi/14.2.1/thumb/v6-m/nofp/crtbegin.o
                0x10003c5c                        PROVIDE (__init_array_end = .)
                0x10003c5c                        . = ALIGN (0x4)
                [!provide]                        PROVIDE (__fini_array_start = .)
 *(SORT_BY_NAME(.fini_array.*))
 *(.fini_array)
                [!provide]                        PROVIDE (__fini_array_end = .)
 *(.eh_frame*)
 .eh_frame      0x10003c5c        0x0 C:/Users/wiesl/.pico-sdk/toolchain/14_2_Rel1/bin/../lib/gcc/arm-none-eabi/14.2.1/thumb/v6-m/nofp/crtbegin.o
                0x10003c5c                        . = ALIGN (0x4)

.glue_7         0x10003c5c        0x0
 .glue_7        0x10003c5c        0x0 linker stubs

.glue_7t        0x10003c5c        0x0
 .glue_7t       0x10003c5c        0x0 linker stubs

.vfp11_veneer   0x10003c5c        0x0
 .vfp11_veneer  0x10003c5c        0x0 linker stubs

.v4_bx          0x10003c5c        0x0
 .v4_bx         0x10003c5c        0x0 linker stubs

.iplt           0x10003c5c        0x0
 .iplt          0x10003c5c        0x0 C:/Users/wiesl/.pico-sdk/toolchain/14_2_Rel1/bin/../lib/gcc/arm-none-eabi/14.2.1/thumb/v6-m/nofp/crtbegin.o

.rodata         0x10003c5c      0x2d8
 *(EXCLUDE_FILE(*libm.a: *libc.a:*lib_a-mem*.o *libgcc.a:) .rodata*)
 .rodata.str1.4
                0x10003c5c      0x134 CMakeFiles/jp1_bridge.dir/usb_descriptors.c.obj
                                 0x34 (size before relaxing)
 .rodata.string_desc_arr
                0x10003d90       0x14 CMakeFiles/jp1_bridge.dir/usb_descriptors.c.obj
 .rodata.__compound_literal.0
                0x10003da4        0x2 CMakeFiles/jp1_bridge.dir/usb_descriptors.c.obj
 *fill*         0x10003da6        0x2 
 .rodata.desc_configuration
                0x10003da8       0x4b CMakeFiles/jp1_bridge.dir/usb_descriptors.c.obj
 *fill*         0x10003df3        0x1 
 .rodata.desc_device
                0x10003df4       0x12 CMakeFiles/jp1_bridge.dir/usb_descriptors.c.obj
                0x10003df4                desc_device
 .rodata.panic.str1.4
                0x10003e06       0x12 CMakeFiles/jp1_bridge.dir/C_/Users/wiesl/.pico-sdk/sdk/2.2.0/src/rp2_common/pico_platform_panic/panic.c.obj
 .rodata.spin_lock_claim_unused.str1.4
                0x10003e06       0x1b CMakeFiles/jp1_bridge.dir/C_/Users/wiesl/.pico-sdk/sdk/2.2.0/src/rp2_common/hardware_sync/sync.c.obj
 .rodata.timer_hardware_alarm_claim.str1.4
                0x10003e06       0x22 CMakeFiles/jp1_bridge.dir/C_/Users/wiesl/.pico-sdk/sdk/2.2.0/src/rp2_common/hardware_timer/timer.c.obj
 .rodata.hard_assertion_failure.str1.4
                0x10003e06        0xc CMakeFiles/jp1_bridge.dir/C_/Users/wiesl/.pico-sdk/sdk/2.2.0/src/rp2_common/pico_runtime/runtime.c.obj
 .rodata.str1.4
                0x10003e06       0x40 CMakeFiles/jp1_bridge.dir/C_/Users/wiesl/.pico-sdk/sdk/2.2.0/src/rp2_common/pico_standard_binary_info/standard_binary_info.c.obj
 *fill*         0x10003e06        0x2 
 .rodata.__bi_84
                0x10003e08        0xc CMakeFiles/jp1_bridge.dir/C_/Users/wiesl/.pico-sdk/sdk/2.2.0/src/rp2_common/pico_standard_binary_info/standard_binary_info.c.obj
 .rodata.__bi_78
                0x10003e14        0xc CMakeFiles/jp1_bridge.dir/C_/Users/wiesl/.pico-sdk/sdk/2.2.0/src/rp2_common/pico_standard_binary_info/standard_binary_info.c.obj
 .rodata.__bi_54
                0x10003e20        0xc CMakeFiles/jp1_bridge.dir/C_/Users/wiesl/.pico-sdk/sdk/2.2.0/src/rp2_common/pico_standard_binary_info/standard_binary_info.c.obj
 .rodata.__bi_48
                0x10003e2c        0xc CMakeFiles/jp1_bridge.dir/C_/Users/wiesl/.pico-sdk/sdk/2.2.0/src/rp2_common/pico_standard_binary_info/standard_binary_info.c.obj
 .rodata.__bi_42
                0x10003e38        0xc CMakeFiles/jp1_bridge.dir/C_/Users/wiesl/.pico-sdk/sdk/2.2.0/src/rp2_common/pico_standard_binary_info/standard_binary_info.c.obj
 .rodata.__bi_34
                0x10003e44        0xc CMakeFiles/jp1_bridge.dir/C_/Users/wiesl/.pico-sdk/sdk/2.2.0/src/rp2_common/pico_standard_binary_info/standard_binary_info.c.obj
 .rodata.__bi_26
                0x10003e50        0xc CMakeFiles/jp1_bridge.dir/C_/Users/wiesl/.pico-sdk/sdk/2.2.0/src/rp2_common/pico_standard_binary_info/standard_binary_info.c.obj
 .rodata.crlf_str.0
                0x10003e5c        0x2 CMakeFiles/jp1_bridge.dir/C_/Users/wiesl/.pico-sdk/sdk/2.2.0/src/rp2_common/pico_stdio/stdio.c.obj
 .rodata.str1.4
                0x10003e5e       0x14 CMakeFiles/jp1_bridge.dir/C_/Users/wiesl/.pico-sdk/sdk/2.2.0/lib/tinyusb/src/portable/raspberrypi/rp2040/dcd_rp2040.c.obj
 .rodata.str1.4
                0x10003e5e       0x48 CMakeFiles/jp1_bridge.dir/C_/Users/wiesl/.pico-sdk/sdk/2.2.0/lib/tinyusb/src/portable/raspberrypi/rp2040/rp2040_usb.c.obj
 *fill*         0x10003e5e        0x2 
 .rodata.tud_task_ext
                0x10003e60       0x8c CMakeFiles/jp1_bridge.dir/C_/Users/wiesl/.pico-sdk/sdk/2.2.0/lib/tinyusb/src/device/usbd.c.obj
 .rodata        0x10003eec       0x1c CMakeFiles/jp1_bridge.dir/C_/Users/wiesl/.pico-sdk/sdk/2.2.0/lib/tinyusb/src/device/usbd.c.obj
 .rodata._usbd_driver
                0x10003f08       0x20 CMakeFiles/jp1_bridge.dir/C_/Users/wiesl/.pico-sdk/sdk/2.2.0/lib/tinyusb/src/device/usbd.c.obj
 .rodata.str1.4
                0x10003f28        0x4 CMakeFiles/jp1_bridge.dir/C_/Users/wiesl/.pico-sdk/sdk/2.2.0/lib/tinyusb/hw/bsp/rp2040/family.c.obj
 .rodata.__bi_153.0
                0x10003f28        0xc CMakeFiles/jp1_bridge.dir/C_/Users/wiesl/.pico-sdk/sdk/2.2.0/lib/tinyusb/hw/bsp/rp2040/family.c.obj
                0x10003f34                        . = ALIGN (0x4)
 *(SORT_BY_ALIGNMENT(SORT_BY_NAME(.flashdata*)))
                0x10003f34                        . = ALIGN (0x4)

.ARM.extab
 *(.ARM.extab* .gnu.linkonce.armextab.*)
                0x10003f34                        __exidx_start = .

.ARM.exidx
 *(.ARM.exidx* .gnu.linkonce.armexidx.*)
                0x10003f34                        __exidx_end = .
                0x10003f34                        . = ALIGN (0x4)
                0x10003f34                        __binary_info_start = .

.binary_info    0x10003f34       0x20
 *(.binary_info.keep.*)
 .binary_info.keep.__bi_ptr84
                0x10003f34        0x4 CMakeFiles/jp1_bridge.dir/C_/Users/wiesl/.pico-sdk/sdk/2.2.0/src/rp2_common/pico_standard_binary_info/standard_binary_info.c.obj
 .binary_info.keep.__bi_ptr78
                0x10003f38        0x4 CMakeFiles/jp1_bridge.dir/C_/Users/wiesl/.pico-sdk/sdk/2.2.0/src/rp2_common/pico_standard_binary_info/standard_binary_info.c.obj
 .binary_info.keep.__bi_ptr54
                0x10003f3c        0x4 CMakeFiles/jp1_bridge.dir/C_/Users/wiesl/.pico-sdk/sdk/2.2.0/src/rp2_common/pico_standard_binary_info/standard_binary_info.c.obj
 .binary_info.keep.__bi_ptr48
                0x10003f40        0x4 CMakeFiles/jp1_bridge.dir/C_/Users/wiesl/.pico-sdk/sdk/2.2.0/src/rp2_common/pico_standard_binary_info/standard_binary_info.c.obj
 .binary_info.keep.__bi_ptr42
                0x10003f44        0x4 CMakeFiles/jp1_bridge.dir/C_/Users/wiesl/.pico-sdk/sdk/2.2.0/src/rp2_common/pico_standard_binary_info/standard_binary_info.c.obj
 .binary_info.keep.__bi_ptr34
                0x10003f48        0x4 CMakeFiles/jp1_bridge.dir/C_/Users/wiesl/.pico-sdk/sdk/2.2.0/src/rp2_common/pico_standard_binary_info/standard_binary_info.c.obj
 .binary_info.keep.__bi_ptr26
                0x10003f4c        0x4 CMakeFiles/jp1_bridge.dir/C_/Users/wiesl/.pico-sdk/sdk/2.2.0/src/rp2_common/pico_standard_binary_info/standard_binary_info.c.obj
 .binary_info.keep.__bi_ptr153
                0x10003f50        0x4 CMakeFiles/jp1_bridge.dir/C_/Users/wiesl/.pico-sdk/sdk/2.2.0/lib/tinyusb/hw/bsp/rp2040/family.c.obj
 *(.binary_info.*)
                0x10003f54                        __binary_info_end = .
                0x10003f54                        . = ALIGN (0x4)

.ram_vector_table
                0x20000000       0xc0
 *(.ram_vector_table)
 .ram_vector_table
                0x20000000       0xc0 CMakeFiles/jp1_bridge.dir/C_/Users/wiesl/.pico-sdk/sdk/2.2.0/src/rp2_common/pico_runtime_init/runtime_init.c.obj
                0x20000000                ram_vector_table

.uninitialized_data
                0x200000c0        0x0
                0x200000c0                        . = ALIGN (0x4)
 *(.uninitialized_data*)

.data           0x200000c0      0xf98 load address 0x10003f54
                0x200000c0                        __data_start__ = .
 *(vtable)
 *(.time_critical*)
 .time_critical.mutex_try_enter_block_until
                0x200000c0       0x98 CMakeFiles/jp1_bridge.dir/C_/Users/wiesl/.pico-sdk/sdk/2.2.0/src/common/pico_sync/mutex.c.obj
                0x200000c0                mutex_try_enter_block_until
 .time_critical.mutex_enter_timeout_ms
                0x20000158       0x8c CMakeFiles/jp1_bridge.dir/C_/Users/wiesl/.pico-sdk/sdk/2.2.0/src/common/pico_sync/mutex.c.obj
                0x20000158                mutex_enter_timeout_ms
 .time_critical.mutex_exit
                0x200001e4       0x28 CMakeFiles/jp1_bridge.dir/C_/Users/wiesl/.pico-sdk/sdk/2.2.0/src/common/pico_sync/mutex.c.obj
                0x200001e4                mutex_exit
 .time_critical.reset_non_control_endpoints
                0x2000020c       0x68 CMakeFiles/jp1_bridge.dir/C_/Users/wiesl/.pico-sdk/sdk/2.2.0/lib/tinyusb/src/portable/raspberrypi/rp2040/dcd_rp2040.c.obj
 .time_critical.hw_handle_buff_status
                0x20000274       0xa0 CMakeFiles/jp1_bridge.dir/C_/Users/wiesl/.pico-sdk/sdk/2.2.0/lib/tinyusb/src/portable/raspberrypi/rp2040/dcd_rp2040.c.obj
 .time_critical.dcd_rp2040_irq
                0x20000314      0x548 CMakeFiles/jp1_bridge.dir/C_/Users/wiesl/.pico-sdk/sdk/2.2.0/lib/tinyusb/src/portable/raspberrypi/rp2040/dcd_rp2040.c.obj
 .time_critical.prepare_ep_buffer
                0x2000085c       0xc8 CMakeFiles/jp1_bridge.dir/C_/Users/wiesl/.pico-sdk/sdk/2.2.0/lib/tinyusb/src/portable/raspberrypi/rp2040/rp2040_usb.c.obj
 .time_critical.sync_ep_buffer
                0x20000924       0x9c CMakeFiles/jp1_bridge.dir/C_/Users/wiesl/.pico-sdk/sdk/2.2.0/lib/tinyusb/src/portable/raspberrypi/rp2040/rp2040_usb.c.obj
 .time_critical._hw_endpoint_xfer_sync
                0x200009c0       0x28 CMakeFiles/jp1_bridge.dir/C_/Users/wiesl/.pico-sdk/sdk/2.2.0/lib/tinyusb/src/portable/raspberrypi/rp2040/rp2040_usb.c.obj
 .time_critical.e15_is_bulkin_ep
                0x200009e8       0x28 CMakeFiles/jp1_bridge.dir/C_/Users/wiesl/.pico-sdk/sdk/2.2.0/lib/tinyusb/src/portable/raspberrypi/rp2040/rp2040_usb.c.obj
 .time_critical.e15_is_critical_frame_period
                0x20000a10       0x34 CMakeFiles/jp1_bridge.dir/C_/Users/wiesl/.pico-sdk/sdk/2.2.0/lib/tinyusb/src/portable/raspberrypi/rp2040/rp2040_usb.c.obj
 .time_critical.hw_endpoint_reset_transfer
                0x20000a44        0xc CMakeFiles/jp1_bridge.dir/C_/Users/wiesl/.pico-sdk/sdk/2.2.0/lib/tinyusb/src/portable/raspberrypi/rp2040/rp2040_usb.c.obj
                0x20000a44                hw_endpoint_reset_transfer
 .time_critical._hw_endpoint_buffer_control_update32
                0x20000a50       0x50 CMakeFiles/jp1_bridge.dir/C_/Users/wiesl/.pico-sdk/sdk/2.2.0/lib/tinyusb/src/portable/raspberrypi/rp2040/rp2040_usb.c.obj
                0x20000a50                _hw_endpoint_buffer_control_update32
 .time_critical.hw_endpoint_start_next_buffer
                0x20000aa0       0x68 CMakeFiles/jp1_bridge.dir/C_/Users/wiesl/.pico-sdk/sdk/2.2.0/lib/tinyusb/src/portable/raspberrypi/rp2040/rp2040_usb.c.obj
                0x20000aa0                hw_endpoint_start_next_buffer
 .time_critical.hw_endpoint_xfer_continue
                0x20000b08       0x40 CMakeFiles/jp1_bridge.dir/C_/Users/wiesl/.pico-sdk/sdk/2.2.0/lib/tinyusb/src/portable/raspberrypi/rp2040/rp2040_usb.c.obj
                0x20000b08                hw_endpoint_xfer_continue
 .time_critical.tinyusb
                0x20000b48      0x1e0 CMakeFiles/jp1_bridge.dir/C_/Users/wiesl/.pico-sdk/sdk/2.2.0/lib/tinyusb/src/device/usbd.c.obj
                0x20000b48                dcd_event_handler
 .time_critical.flash_init_boot2_copyout
                0x20000d28       0x30 CMakeFiles/jp1_bridge.dir/C_/Users/wiesl/.pico-sdk/sdk/2.2.0/src/rp2_common/hardware_flash/flash.c.obj
 .time_critical.flash_enable_xip_via_boot2
                0x20000d58        0xc CMakeFiles/jp1_bridge.dir/C_/Users/wiesl/.pico-sdk/sdk/2.2.0/src/rp2_common/hardware_flash/flash.c.obj
 .time_critical.flash_save_hardware_state
                0x20000d64       0x20 CMakeFiles/jp1_bridge.dir/C_/Users/wiesl/.pico-sdk/sdk/2.2.0/src/rp2_common/hardware_flash/flash.c.obj
 .time_critical.flash_restore_hardware_state
                0x20000d84       0x20 CMakeFiles/jp1_bridge.dir/C_/Users/wiesl/.pico-sdk/sdk/2.2.0/src/rp2_common/hardware_flash/flash.c.obj
 .time_critical.flash_cs_force
                0x20000da4       0x38 CMakeFiles/jp1_bridge.dir/C_/Users/wiesl/.pico-sdk/sdk/2.2.0/src/rp2_common/hardware_flash/flash.c.obj
 .time_critical.flash_do_cmd
                0x20000ddc      0x13c CMakeFiles/jp1_bridge.dir/C_/Users/wiesl/.pico-sdk/sdk/2.2.0/src/rp2_common/hardware_flash/flash.c.obj
                0x20000ddc                flash_do_cmd
 *(.text*)
 .text          0x20000f18        0x4 C:/Users/wiesl/.pico-sdk/toolchain/14_2_Rel1/bin/../lib/gcc/arm-none-eabi/14.2.1/thumb/v6-m/nofp\libgcc.a(_dvmd_tls.o)
                0x20000f18                __aeabi_idiv0
                0x20000f18                __aeabi_ldiv0
 *fill*         0x20000f1c        0x4 
 .text.__stub   0x20000f20       0x80 linker stubs
                0x20000fa0                        . = ALIGN (0x4)
 *(.rodata*)
                0x20000fa0                        . = ALIGN (0x4)
 *(.data*)
 .data.striped_spin_lock_num
                0x20000fa0        0x1 CMakeFiles/jp1_bridge.dir/C_/Users/wiesl/.pico-sdk/sdk/2.2.0/src/rp2_common/hardware_sync/sync.c.obj
 *fill*         0x20000fa1        0x3 
 .data          0x20000fa4       0x48 CMakeFiles/jp1_bridge.dir/C_/Users/wiesl/.pico-sdk/sdk/2.2.0/src/rp2_common/hardware_irq/irq_handler_chain.S.obj
                0x20000fa4                irq_handler_chain_slots
                0x20000fd4                irq_handler_chain_first_slot
                0x20000fde                irq_handler_chain_remove_tail
 .data.default_alarm_pool
                0x20000fec       0x18 CMakeFiles/jp1_bridge.dir/C_/Users/wiesl/.pico-sdk/sdk/2.2.0/src/common/pico_time/time.c.obj
 *fill*         0x20001004        0xc 
 .data.aeabi_bits_funcs
                0x20001010       0x10 CMakeFiles/jp1_bridge.dir/C_/Users/wiesl/.pico-sdk/sdk/2.2.0/src/rp2_common/pico_bit_ops/bit_ops_aeabi.S.obj
                0x20001010                aeabi_bits_funcs
                0x20001020                aeabi_bits_funcs_end
 .data.aeabi_mem_funcs
                0x20001020       0x10 CMakeFiles/jp1_bridge.dir/C_/Users/wiesl/.pico-sdk/sdk/2.2.0/src/rp2_common/pico_mem_ops/mem_ops_aeabi.S.obj
                0x20001020                aeabi_mem_funcs
                0x20001030                aeabi_mem_funcs_end
 .data._usbd_qdef
                0x20001030       0x1c CMakeFiles/jp1_bridge.dir/C_/Users/wiesl/.pico-sdk/sdk/2.2.0/lib/tinyusb/src/device/usbd.c.obj
                0x20001030                _usbd_qdef
 .data._usbd_rhport
                0x2000104c        0x1 CMakeFiles/jp1_bridge.dir/C_/Users/wiesl/.pico-sdk/sdk/2.2.0/lib/tinyusb/src/device/usbd.c.obj
                0x20001050                        . = ALIGN (0x4)
 *fill*         0x2000104d        0x3 
 *(.after_data.*)
                0x20001050                        . = ALIGN (0x4)
                0x20001050                        PROVIDE (__mutex_array_start = .)
 *(SORT_BY_NAME(.mutex_array.*))
 *(.mutex_array)
 .mutex_array   0x20001050        0x8 CMakeFiles/jp1_bridge.dir/C_/Users/wiesl/.pico-sdk/sdk/2.2.0/src/rp2_common/pico_stdio/stdio.c.obj
                0x20001058                        PROVIDE (__mutex_array_end = .)
                0x20001058                        . = ALIGN (0x4)
 *(.jcr)
                0x20001058                        . = ALIGN (0x4)

.tm_clone_table
                0x20001058        0x0 load address 0x10004eec
 .tm_clone_table
                0x20001058        0x0 C:/Users/wiesl/.pico-sdk/toolchain/14_2_Rel1/bin/../lib/gcc/arm-none-eabi/14.2.1/thumb/v6-m/nofp/crtbegin.o
 .tm_clone_table
                0x20001058        0x0 C:/Users/wiesl/.pico-sdk/toolchain/14_2_Rel1/bin/../lib/gcc/arm-none-eabi/14.2.1/thumb/v6-m/nofp/crtend.o

.igot.plt       0x20001058        0x0 load address 0x10004eec
 .igot.plt      0x20001058        0x0 C:/Users/wiesl/.pico-sdk/toolchain/14_2_Rel1/bin/../lib/gcc/arm-none-eabi/14.2.1/thumb/v6-m/nofp/crtbegin.o

.tdata          0x20001058        0x0 load address 0x10004eec
                0x20001058                        . = ALIGN (0x4)
 *(.tdata .tdata.* .gnu.linkonce.td.*)
                0x20001058                        __tdata_end = .
                0x20001058                        PROVIDE (__data_end__ = .)
                0x10003f54                        __etext = LOADADDR (.data)

.tbss           0x20001058        0x0 load address 0x10004eec
                0x20001058                        . = ALIGN (0x4)
                0x20001058                        __bss_start__ = .
                0x20001058                        __tls_base = .
 *(.tbss .tbss.* .gnu.linkonce.tb.*)
 *(.tcommon)
                0x20001058                        __tls_end = .

.bss            0x20001058      0xf98 load address 0x10004eec
                0x20001058                        . = ALIGN (0x4)
                0x20001058                        __tbss_end = .
 *(SORT_BY_ALIGNMENT(SORT_BY_NAME(.bss*)))
 .bss.default_alarm_pool_entries
                0x20001058      0x180 CMakeFiles/jp1_bridge.dir/C_/Users/wiesl/.pico-sdk/sdk/2.2.0/src/common/pico_time/time.c.obj
 .bss.sd_table  0x200011d8      0x100 CMakeFiles/jp1_bridge.dir/C_/Users/wiesl/.pico-sdk/sdk/2.2.0/src/rp2_common/pico_double/double_init_rom_rp2040.c.obj
                0x200011d8                sd_table
 .bss.sf_table  0x200012d8      0x100 CMakeFiles/jp1_bridge.dir/C_/Users/wiesl/.pico-sdk/sdk/2.2.0/src/rp2_common/pico_float/float_init_rom_rp2040.c.obj
                0x200012d8                sf_table
 .bss._app_driver
                0x200013d8        0x4 CMakeFiles/jp1_bridge.dir/C_/Users/wiesl/.pico-sdk/sdk/2.2.0/lib/tinyusb/src/device/usbd.c.obj
 .bss._cdcd_epbuf
                0x200013dc       0x80 CMakeFiles/jp1_bridge.dir/C_/Users/wiesl/.pico-sdk/sdk/2.2.0/lib/tinyusb/src/class/cdc/cdc_device.c.obj
 .bss._cdcd_fifo_cfg
                0x2000145c        0x1 CMakeFiles/jp1_bridge.dir/C_/Users/wiesl/.pico-sdk/sdk/2.2.0/lib/tinyusb/src/class/cdc/cdc_device.c.obj
 *fill*         0x2000145d        0x3 
 .bss._cdcd_itf
                0x20001460      0x448 CMakeFiles/jp1_bridge.dir/C_/Users/wiesl/.pico-sdk/sdk/2.2.0/lib/tinyusb/src/class/cdc/cdc_device.c.obj
 .bss._ctrl_epbuf
                0x200018a8       0x40 CMakeFiles/jp1_bridge.dir/C_/Users/wiesl/.pico-sdk/sdk/2.2.0/lib/tinyusb/src/device/usbd_control.c.obj
 .bss._ctrl_xfer
                0x200018e8       0x14 CMakeFiles/jp1_bridge.dir/C_/Users/wiesl/.pico-sdk/sdk/2.2.0/lib/tinyusb/src/device/usbd_control.c.obj
 .bss._desc_str
                0x200018fc       0x42 CMakeFiles/jp1_bridge.dir/usb_descriptors.c.obj
 *fill*         0x2000193e        0x2 
 .bss._tusb_rhport_role
                0x20001940        0x2 CMakeFiles/jp1_bridge.dir/C_/Users/wiesl/.pico-sdk/sdk/2.2.0/lib/tinyusb/src/tusb.c.obj
                0x20001940                _tusb_rhport_role
 *fill*         0x20001942        0x2 
 .bss._ubsd_mutexdef
                0x20001944        0x8 CMakeFiles/jp1_bridge.dir/C_/Users/wiesl/.pico-sdk/sdk/2.2.0/lib/tinyusb/src/device/usbd.c.obj
 .bss._usbd_dev
                0x2000194c       0x54 CMakeFiles/jp1_bridge.dir/C_/Users/wiesl/.pico-sdk/sdk/2.2.0/lib/tinyusb/src/device/usbd.c.obj
 .bss._usbd_mutex
                0x200019a0        0x4 CMakeFiles/jp1_bridge.dir/C_/Users/wiesl/.pico-sdk/sdk/2.2.0/lib/tinyusb/src/device/usbd.c.obj
 .bss._usbd_q   0x200019a4        0x4 CMakeFiles/jp1_bridge.dir/C_/Users/wiesl/.pico-sdk/sdk/2.2.0/lib/tinyusb/src/device/usbd.c.obj
 .bss._usbd_qdef_buf
                0x200019a8       0xc0 CMakeFiles/jp1_bridge.dir/C_/Users/wiesl/.pico-sdk/sdk/2.2.0/lib/tinyusb/src/device/usbd.c.obj
                0x200019a8                _usbd_qdef_buf
 .bss.boot2_copyout
                0x20001a68      0x100 CMakeFiles/jp1_bridge.dir/C_/Users/wiesl/.pico-sdk/sdk/2.2.0/src/rp2_common/hardware_flash/flash.c.obj
 .bss.claimed   0x20001b68        0x4 CMakeFiles/jp1_bridge.dir/C_/Users/wiesl/.pico-sdk/sdk/2.2.0/src/rp2_common/hardware_sync/sync.c.obj
 .bss.claimed   0x20001b6c        0x1 CMakeFiles/jp1_bridge.dir/C_/Users/wiesl/.pico-sdk/sdk/2.2.0/src/rp2_common/hardware_timer/timer.c.obj
 *fill*         0x20001b6d        0x3 
 .bss.configured_freq
                0x20001b70       0x28 CMakeFiles/jp1_bridge.dir/C_/Users/wiesl/.pico-sdk/sdk/2.2.0/src/rp2_common/hardware_clocks/clocks.c.obj
 .bss.drivers   0x20001b98        0x4 CMakeFiles/jp1_bridge.dir/C_/Users/wiesl/.pico-sdk/sdk/2.2.0/src/rp2_common/pico_stdio/stdio.c.obj
 .bss.e15_last_sof
                0x20001b9c        0x4 CMakeFiles/jp1_bridge.dir/C_/Users/wiesl/.pico-sdk/sdk/2.2.0/lib/tinyusb/src/portable/raspberrypi/rp2040/rp2040_usb.c.obj
                0x20001b9c                e15_last_sof
 .bss.filter    0x20001ba0        0x4 CMakeFiles/jp1_bridge.dir/C_/Users/wiesl/.pico-sdk/sdk/2.2.0/src/rp2_common/pico_stdio/stdio.c.obj
 .bss.hw_endpoints
                0x20001ba4      0x400 CMakeFiles/jp1_bridge.dir/C_/Users/wiesl/.pico-sdk/sdk/2.2.0/lib/tinyusb/src/portable/raspberrypi/rp2040/dcd_rp2040.c.obj
 .bss.lazy_vsnprintf
                0x20001fa4        0x4 CMakeFiles/jp1_bridge.dir/C_/Users/wiesl/.pico-sdk/sdk/2.2.0/src/rp2_common/pico_printf/printf.c.obj
 .bss.next_buffer_ptr
                0x20001fa8        0x4 CMakeFiles/jp1_bridge.dir/C_/Users/wiesl/.pico-sdk/sdk/2.2.0/lib/tinyusb/src/portable/raspberrypi/rp2040/dcd_rp2040.c.obj
 .bss.object.0  0x20001fac       0x18 C:/Users/wiesl/.pico-sdk/toolchain/14_2_Rel1/bin/../lib/gcc/arm-none-eabi/14.2.1/thumb/v6-m/nofp/crtbegin.o
 .bss.pools     0x20001fc4       0x10 CMakeFiles/jp1_bridge.dir/C_/Users/wiesl/.pico-sdk/sdk/2.2.0/src/common/pico_time/time.c.obj
 .bss.retrieved_id
                0x20001fd4        0x8 CMakeFiles/jp1_bridge.dir/C_/Users/wiesl/.pico-sdk/sdk/2.2.0/src/rp2_common/pico_unique_id/unique_id.c.obj
 .bss.sf_clz_func
                0x20001fdc        0x4 CMakeFiles/jp1_bridge.dir/C_/Users/wiesl/.pico-sdk/sdk/2.2.0/src/rp2_common/pico_double/double_init_rom_rp2040.c.obj
                0x20001fdc                sf_clz_func
 .bss.sleep_notifier
                0x20001fe0        0x4 CMakeFiles/jp1_bridge.dir/C_/Users/wiesl/.pico-sdk/sdk/2.2.0/src/common/pico_time/time.c.obj
 .bss.uart_char_to_line_feed
                0x20001fe4        0x4 CMakeFiles/jp1_bridge.dir/C_/Users/wiesl/.pico-sdk/sdk/2.2.0/src/rp2_common/hardware_uart/uart.c.obj
                0x20001fe4                uart_char_to_line_feed
 .bss._app_driver_count
                0x20001fe8        0x1 CMakeFiles/jp1_bridge.dir/C_/Users/wiesl/.pico-sdk/sdk/2.2.0/lib/tinyusb/src/device/usbd.c.obj
 .bss._sof_enable
                0x20001fe9        0x1 CMakeFiles/jp1_bridge.dir/C_/Users/wiesl/.pico-sdk/sdk/2.2.0/lib/tinyusb/src/portable/raspberrypi/rp2040/dcd_rp2040.c.obj
 .bss._usbd_queued_setup
                0x20001fea        0x1 CMakeFiles/jp1_bridge.dir/C_/Users/wiesl/.pico-sdk/sdk/2.2.0/lib/tinyusb/src/device/usbd.c.obj
 .bss.boot2_copyout_valid
                0x20001feb        0x1 CMakeFiles/jp1_bridge.dir/C_/Users/wiesl/.pico-sdk/sdk/2.2.0/src/rp2_common/hardware_flash/flash.c.obj
 .bss.irq_handler_chain_free_slot_head
                0x20001fec        0x1 CMakeFiles/jp1_bridge.dir/C_/Users/wiesl/.pico-sdk/sdk/2.2.0/src/rp2_common/hardware_irq/irq.c.obj
 *(COMMON)
                0x20001ff0                        . = ALIGN (0x4)
 *fill*         0x20001fed        0x3 
                0x20001ff0                        __bss_end__ = .

.heap           0x20001ff0      0x800 load address 0x10004eec
                0x20001ff0                        __end__ = .
                0x20001ff0                        end = __end__
 *(.heap*)
 .heap          0x20001ff0      0x800 CMakeFiles/jp1_bridge.dir/C_/Users/wiesl/.pico-sdk/sdk/2.2.0/src/rp2_common/pico_crt0/crt0.S.obj
                0x20040000                        __HeapLimit = (ORIGIN (RAM) + LENGTH (RAM))

.scratch_x      0x20040000        0x0 load address 0x10004eec
                0x20040000                        __scratch_x_start__ = .
 *(.scratch_x.*)
                0x20040000                        . = ALIGN (0x4)
                0x20040000                        __scratch_x_end__ = .
                0x10004eec                        __scratch_x_source__ = LOADADDR (.scratch_x)

.scratch_y      0x20041000        0x0 load address 0x10004eec
                0x20041000                        __scratch_y_start__ = .
 *(.scratch_y.*)
                0x20041000                        . = ALIGN (0x4)
                0x20041000                        __scratch_y_end__ = .
                0x10004eec                        __scratch_y_source__ = LOADADDR (.scratch_y)

.stack1_dummy
 *(.stack1*)

.stack_dummy    0x20041000      0x800
 *(.stack*)
 .stack         0x20041000      0x800 CMakeFiles/jp1_bridge.dir/C_/Users/wiesl/.pico-sdk/sdk/2.2.0/src/rp2_common/pico_crt0/crt0.S.obj

.rel.dyn        0x20041800        0x0
 .rel.iplt      0x20041800        0x0 C:/Users/wiesl/.pico-sdk/toolchain/14_2_Rel1/bin/../lib/gcc/arm-none-eabi/14.2.1/thumb/v6-m/nofp/crtbegin.o

.flash_end      0x10004eec        0x0
 *(.embedded_end_block*)
                0x10004eec                        PROVIDE (__flash_binary_end = .)
                0x20040000                        __StackLimit = (ORIGIN (RAM) + LENGTH (RAM))
                0x20041000                        __StackOneTop = (ORIGIN (SCRATCH_X) + LENGTH (SCRATCH_X))
                0x20042000                        __StackTop = (ORIGIN (SCRATCH_Y) + LENGTH (SCRATCH_Y))
                0x20041000                        __StackOneBottom = (__StackOneTop - SIZEOF (.stack1_dummy))
                0x20041800                        __StackBottom = (__StackTop - SIZEOF (.stack_dummy))
                0x20042000                        PROVIDE (__stack = __StackTop)
                [!provide]                        PROVIDE (__heap_start = __end__)
                [!provide]                        PROVIDE (__heap_end = __HeapLimit)
                [!provide]                        PROVIDE (__tls_align = MAX (ALIGNOF (.tdata), ALIGNOF (.tbss)))
                [!provide]                        PROVIDE (__tls_size_align = (((__tls_size + __tls_align) - 0x1) & ~ ((__tls_align - 0x1))))
                [!provide]                        PROVIDE (__arm32_tls_tcb_offset = MAX (0x8, __tls_align))
                [!provide]                        PROVIDE (_end = __end__)
                [!provide]                        PROVIDE (__llvm_libc_heap_limit = __HeapLimit)
                0x00000001                        ASSERT ((__StackLimit >= __HeapLimit), region RAM overflowed)
                0x00000001                        ASSERT (((__binary_info_header_end - __logical_binary_start) <= 0x100), Binary info must be in first 256 bytes of the binary)
LOAD CMakeFiles/jp1_bridge.dir/main.c.obj
LOAD CMakeFiles/jp1_bridge.dir/usb_descriptors.c.obj
LOAD CMakeFiles/jp1_bridge.dir/C_/Users/wiesl/.pico-sdk/sdk/2.2.0/src/rp2_common/pico_stdlib/stdlib.c.obj
LOAD CMakeFiles/jp1_bridge.dir/C_/Users/wiesl/.pico-sdk/sdk/2.2.0/src/rp2_common/hardware_gpio/gpio.c.obj
LOAD CMakeFiles/jp1_bridge.dir/C_/Users/wiesl/.pico-sdk/sdk/2.2.0/src/rp2040/pico_platform/platform.c.obj
LOAD CMakeFiles/jp1_bridge.dir/C_/Users/wiesl/.pico-sdk/sdk/2.2.0/src/rp2_common/pico_platform_common/common.c.obj
LOAD CMakeFiles/jp1_bridge.dir/C_/Users/wiesl/.pico-sdk/sdk/2.2.0/src/rp2_common/pico_platform_panic/panic.c.obj
LOAD CMakeFiles/jp1_bridge.dir/C_/Users/wiesl/.pico-sdk/sdk/2.2.0/src/common/hardware_claim/claim.c.obj
LOAD CMakeFiles/jp1_bridge.dir/C_/Users/wiesl/.pico-sdk/sdk/2.2.0/src/rp2_common/hardware_sync/sync.c.obj
LOAD CMakeFiles/jp1_bridge.dir/C_/Users/wiesl/.pico-sdk/sdk/2.2.0/src/rp2_common/hardware_sync_spin_lock/sync_spin_lock.c.obj
LOAD CMakeFiles/jp1_bridge.dir/C_/Users/wiesl/.pico-sdk/sdk/2.2.0/src/rp2_common/hardware_irq/irq.c.obj
LOAD CMakeFiles/jp1_bridge.dir/C_/Users/wiesl/.pico-sdk/sdk/2.2.0/src/rp2_common/hardware_irq/irq_handler_chain.S.obj
LOAD CMakeFiles/jp1_bridge.dir/C_/Users/wiesl/.pico-sdk/sdk/2.2.0/src/common/pico_sync/sem.c.obj
LOAD CMakeFiles/jp1_bridge.dir/C_/Users/wiesl/.pico-sdk/sdk/2.2.0/src/common/pico_sync/lock_core.c.obj
LOAD CMakeFiles/jp1_bridge.dir/C_/Users/wiesl/.pico-sdk/sdk/2.2.0/src/common/pico_sync/mutex.c.obj
LOAD CMakeFiles/jp1_bridge.dir/C_/Users/wiesl/.pico-sdk/sdk/2.2.0/src/common/pico_sync/critical_section.c.obj
LOAD CMakeFiles/jp1_bridge.dir/C_/Users/wiesl/.pico-sdk/sdk/2.2.0/src/common/pico_time/time.c.obj
LOAD CMakeFiles/jp1_bridge.dir/C_/Users/wiesl/.pico-sdk/sdk/2.2.0/src/common/pico_time/timeout_helper.c.obj
LOAD CMakeFiles/jp1_bridge.dir/C_/Users/wiesl/.pico-sdk/sdk/2.2.0/src/rp2_common/hardware_timer/timer.c.obj
LOAD CMakeFiles/jp1_bridge.dir/C_/Users/wiesl/.pico-sdk/sdk/2.2.0/src/common/pico_util/datetime.c.obj
LOAD CMakeFiles/jp1_bridge.dir/C_/Users/wiesl/.pico-sdk/sdk/2.2.0/src/common/pico_util/pheap.c.obj
LOAD CMakeFiles/jp1_bridge.dir/C_/Users/wiesl/.pico-sdk/sdk/2.2.0/src/common/pico_util/queue.c.obj
LOAD CMakeFiles/jp1_bridge.dir/C_/Users/wiesl/.pico-sdk/sdk/2.2.0/src/rp2_common/hardware_uart/uart.c.obj
LOAD CMakeFiles/jp1_bridge.dir/C_/Users/wiesl/.pico-sdk/sdk/2.2.0/src/rp2_common/hardware_clocks/clocks.c.obj
LOAD CMakeFiles/jp1_bridge.dir/C_/Users/wiesl/.pico-sdk/sdk/2.2.0/src/rp2_common/hardware_pll/pll.c.obj
LOAD CMakeFiles/jp1_bridge.dir/C_/Users/wiesl/.pico-sdk/sdk/2.2.0/src/rp2_common/hardware_vreg/vreg.c.obj
LOAD CMakeFiles/jp1_bridge.dir/C_/Users/wiesl/.pico-sdk/sdk/2.2.0/src/rp2_common/hardware_watchdog/watchdog.c.obj
LOAD CMakeFiles/jp1_bridge.dir/C_/Users/wiesl/.pico-sdk/sdk/2.2.0/src/rp2_common/hardware_ticks/ticks.c.obj
LOAD CMakeFiles/jp1_bridge.dir/C_/Users/wiesl/.pico-sdk/sdk/2.2.0/src/rp2_common/pico_bootrom/bootrom.c.obj
LOAD CMakeFiles/jp1_bridge.dir/C_/Users/wiesl/.pico-sdk/sdk/2.2.0/src/rp2_common/pico_bootrom/bootrom_lock.c.obj
LOAD CMakeFiles/jp1_bridge.dir/C_/Users/wiesl/.pico-sdk/sdk/2.2.0/src/rp2_common/hardware_boot_lock/boot_lock.c.obj
LOAD CMakeFiles/jp1_bridge.dir/C_/Users/wiesl/.pico-sdk/sdk/2.2.0/src/rp2_common/pico_flash/flash.c.obj
LOAD CMakeFiles/jp1_bridge.dir/C_/Users/wiesl/.pico-sdk/sdk/2.2.0/src/rp2_common/hardware_xosc/xosc.c.obj
LOAD CMakeFiles/jp1_bridge.dir/C_/Users/wiesl/.pico-sdk/sdk/2.2.0/src/rp2_common/hardware_divider/divider.S.obj
LOAD CMakeFiles/jp1_bridge.dir/C_/Users/wiesl/.pico-sdk/sdk/2.2.0/src/rp2_common/pico_runtime/runtime.c.obj
LOAD CMakeFiles/jp1_bridge.dir/C_/Users/wiesl/.pico-sdk/sdk/2.2.0/src/rp2_common/pico_runtime_init/runtime_init.c.obj
LOAD CMakeFiles/jp1_bridge.dir/C_/Users/wiesl/.pico-sdk/sdk/2.2.0/src/rp2_common/pico_runtime_init/runtime_init_clocks.c.obj
LOAD CMakeFiles/jp1_bridge.dir/C_/Users/wiesl/.pico-sdk/sdk/2.2.0/src/rp2_common/pico_runtime_init/runtime_init_stack_guard.c.obj
LOAD CMakeFiles/jp1_bridge.dir/C_/Users/wiesl/.pico-sdk/sdk/2.2.0/src/rp2_common/pico_bit_ops/bit_ops_aeabi.S.obj
LOAD CMakeFiles/jp1_bridge.dir/C_/Users/wiesl/.pico-sdk/sdk/2.2.0/src/rp2_common/pico_divider/divider_hardware.S.obj
LOAD CMakeFiles/jp1_bridge.dir/C_/Users/wiesl/.pico-sdk/sdk/2.2.0/src/rp2_common/pico_double/double_aeabi_rp2040.S.obj
LOAD CMakeFiles/jp1_bridge.dir/C_/Users/wiesl/.pico-sdk/sdk/2.2.0/src/rp2_common/pico_double/double_init_rom_rp2040.c.obj
LOAD CMakeFiles/jp1_bridge.dir/C_/Users/wiesl/.pico-sdk/sdk/2.2.0/src/rp2_common/pico_double/double_math.c.obj
LOAD CMakeFiles/jp1_bridge.dir/C_/Users/wiesl/.pico-sdk/sdk/2.2.0/src/rp2_common/pico_double/double_v1_rom_shim_rp2040.S.obj
LOAD CMakeFiles/jp1_bridge.dir/C_/Users/wiesl/.pico-sdk/sdk/2.2.0/src/rp2_common/pico_int64_ops/pico_int64_ops_aeabi.S.obj
LOAD CMakeFiles/jp1_bridge.dir/C_/Users/wiesl/.pico-sdk/sdk/2.2.0/src/rp2_common/pico_float/float_aeabi_rp2040.S.obj
LOAD CMakeFiles/jp1_bridge.dir/C_/Users/wiesl/.pico-sdk/sdk/2.2.0/src/rp2_common/pico_float/float_init_rom_rp2040.c.obj
LOAD CMakeFiles/jp1_bridge.dir/C_/Users/wiesl/.pico-sdk/sdk/2.2.0/src/rp2_common/pico_float/float_math.c.obj
LOAD CMakeFiles/jp1_bridge.dir/C_/Users/wiesl/.pico-sdk/sdk/2.2.0/src/rp2_common/pico_float/float_v1_rom_shim_rp2040.S.obj
LOAD CMakeFiles/jp1_bridge.dir/C_/Users/wiesl/.pico-sdk/sdk/2.2.0/src/rp2_common/pico_malloc/malloc.c.obj
LOAD CMakeFiles/jp1_bridge.dir/C_/Users/wiesl/.pico-sdk/sdk/2.2.0/src/rp2_common/pico_mem_ops/mem_ops_aeabi.S.obj
LOAD CMakeFiles/jp1_bridge.dir/C_/Users/wiesl/.pico-sdk/sdk/2.2.0/src/rp2_common/pico_atomic/atomic.c.obj
LOAD CMakeFiles/jp1_bridge.dir/C_/Users/wiesl/.pico-sdk/sdk/2.2.0/src/rp2_common/pico_cxx_options/new_delete.cpp.obj
LOAD CMakeFiles/jp1_bridge.dir/C_/Users/wiesl/.pico-sdk/sdk/2.2.0/src/rp2_common/pico_standard_binary_info/standard_binary_info.c.obj
LOAD CMakeFiles/jp1_bridge.dir/C_/Users/wiesl/.pico-sdk/sdk/2.2.0/src/rp2_common/pico_printf/printf.c.obj
LOAD CMakeFiles/jp1_bridge.dir/C_/Users/wiesl/.pico-sdk/sdk/2.2.0/src/rp2_common/pico_crt0/crt0.S.obj
LOAD CMakeFiles/jp1_bridge.dir/C_/Users/wiesl/.pico-sdk/sdk/2.2.0/src/rp2_common/pico_clib_interface/newlib_interface.c.obj
LOAD CMakeFiles/jp1_bridge.dir/C_/Users/wiesl/.pico-sdk/sdk/2.2.0/src/rp2_common/pico_stdio/stdio.c.obj
LOAD CMakeFiles/jp1_bridge.dir/C_/Users/wiesl/.pico-sdk/sdk/2.2.0/lib/tinyusb/src/portable/raspberrypi/rp2040/dcd_rp2040.c.obj
LOAD CMakeFiles/jp1_bridge.dir/C_/Users/wiesl/.pico-sdk/sdk/2.2.0/lib/tinyusb/src/portable/raspberrypi/rp2040/rp2040_usb.c.obj
LOAD CMakeFiles/jp1_bridge.dir/C_/Users/wiesl/.pico-sdk/sdk/2.2.0/lib/tinyusb/src/device/usbd.c.obj
LOAD CMakeFiles/jp1_bridge.dir/C_/Users/wiesl/.pico-sdk/sdk/2.2.0/lib/tinyusb/src/device/usbd_control.c.obj
LOAD CMakeFiles/jp1_bridge.dir/C_/Users/wiesl/.pico-sdk/sdk/2.2.0/lib/tinyusb/src/class/audio/audio_device.c.obj
LOAD CMakeFiles/jp1_bridge.dir/C_/Users/wiesl/.pico-sdk/sdk/2.2.0/lib/tinyusb/src/class/cdc/cdc_device.c.obj
LOAD CMakeFiles/jp1_bridge.dir/C_/Users/wiesl/.pico-sdk/sdk/2.2.0/lib/tinyusb/src/class/dfu/dfu_device.c.obj
LOAD CMakeFiles/jp1_bridge.dir/C_/Users/wiesl/.pico-sdk/sdk/2.2.0/lib/tinyusb/src/class/dfu/dfu_rt_device.c.obj
LOAD CMakeFiles/jp1_bridge.dir/C_/Users/wiesl/.pico-sdk/sdk/2.2.0/lib/tinyusb/src/class/hid/hid_device.c.obj
LOAD CMakeFiles/jp1_bridge.dir/C_/Users/wiesl/.pico-sdk/sdk/2.2.0/lib/tinyusb/src/class/midi/midi_device.c.obj
LOAD CMakeFiles/jp1_bridge.dir/C_/Users/wiesl/.pico-sdk/sdk/2.2.0/lib/tinyusb/src/class/msc/msc_device.c.obj
LOAD CMakeFiles/jp1_bridge.dir/C_/Users/wiesl/.pico-sdk/sdk/2.2.0/lib/tinyusb/src/class/net/ecm_rndis_device.c.obj
LOAD CMakeFiles/jp1_bridge.dir/C_/Users/wiesl/.pico-sdk/sdk/2.2.0/lib/tinyusb/src/class/net/ncm_device.c.obj
LOAD CMakeFiles/jp1_bridge.dir/C_/Users/wiesl/.pico-sdk/sdk/2.2.0/lib/tinyusb/src/class/usbtmc/usbtmc_device.c.obj
LOAD CMakeFiles/jp1_bridge.dir/C_/Users/wiesl/.pico-sdk/sdk/2.2.0/lib/tinyusb/src/class/vendor/vendor_device.c.obj
LOAD CMakeFiles/jp1_bridge.dir/C_/Users/wiesl/.pico-sdk/sdk/2.2.0/lib/tinyusb/src/class/video/video_device.c.obj
LOAD CMakeFiles/jp1_bridge.dir/C_/Users/wiesl/.pico-sdk/sdk/2.2.0/lib/tinyusb/src/tusb.c.obj
LOAD CMakeFiles/jp1_bridge.dir/C_/Users/wiesl/.pico-sdk/sdk/2.2.0/lib/tinyusb/src/common/tusb_fifo.c.obj
LOAD CMakeFiles/jp1_bridge.dir/C_/Users/wiesl/.pico-sdk/sdk/2.2.0/src/rp2_common/pico_fix/rp2040_usb_device_enumeration/rp2040_usb_device_enumeration.c.obj
LOAD CMakeFiles/jp1_bridge.dir/C_/Users/wiesl/.pico-sdk/sdk/2.2.0/lib/tinyusb/hw/bsp/rp2040/family.c.obj
LOAD CMakeFiles/jp1_bridge.dir/C_/Users/wiesl/.pico-sdk/sdk/2.2.0/src/rp2_common/pico_unique_id/unique_id.c.obj
LOAD CMakeFiles/jp1_bridge.dir/C_/Users/wiesl/.pico-sdk/sdk/2.2.0/src/rp2_common/hardware_flash/flash.c.obj
LOAD CMakeFiles/jp1_bridge.dir/C_/Users/wiesl/.pico-sdk/sdk/2.2.0/src/rp2_common/hardware_xip_cache/xip_cache.c.obj
LOAD pico-sdk/src/rp2040/boot_stage2/CMakeFiles/bs2_default_library.dir/./bs2_default_padded_checksummed.S.obj
LOAD C:/Users/wiesl/.pico-sdk/toolchain/14_2_Rel1/bin/../lib/gcc/arm-none-eabi/14.2.1/thumb/v6-m/nofp\libstdc++.a
LOAD C:/Users/wiesl/.pico-sdk/toolchain/14_2_Rel1/bin/../lib/gcc/arm-none-eabi/14.2.1/thumb/v6-m/nofp\libm.a
START GROUP
LOAD C:/Users/wiesl/.pico-sdk/toolchain/14_2_Rel1/bin/../lib/gcc/arm-none-eabi/14.2.1/thumb/v6-m/nofp\libgcc.a
LOAD C:/Users/wiesl/.pico-sdk/toolchain/14_2_Rel1/bin/../lib/gcc/arm-none-eabi/14.2.1/thumb/v6-m/nofp\libg.a
LOAD C:/Users/wiesl/.pico-sdk/toolchain/14_2_Rel1/bin/../lib/gcc/arm-none-eabi/14.2.1/thumb/v6-m/nofp\libc.a
END GROUP
START GROUP
LOAD C:/Users/wiesl/.pico-sdk/toolchain/14_2_Rel1/bin/../lib/gcc/arm-none-eabi/14.2.1/thumb/v6-m/nofp\libgcc.a
LOAD C:/Users/wiesl/.pico-sdk/toolchain/14_2_Rel1/bin/../lib/gcc/arm-none-eabi/14.2.1/thumb/v6-m/nofp\libc.a
LOAD C:/Users/wiesl/.pico-sdk/toolchain/14_2_Rel1/bin/../lib/gcc/arm-none-eabi/14.2.1/thumb/v6-m/nofp\libnosys.a
END GROUP
LOAD C:/Users/wiesl/.pico-sdk/toolchain/14_2_Rel1/bin/../lib/gcc/arm-none-eabi/14.2.1/thumb/v6-m/nofp/crtend.o
LOAD C:/Users/wiesl/.pico-sdk/toolchain/14_2_Rel1/bin/../lib/gcc/arm-none-eabi/14.2.1/thumb/v6-m/nofp/crtn.o
OUTPUT(jp1_bridge.elf elf32-littlearm)
LOAD linker stubs

.ARM.attributes
                0x00000000       0x28
 .ARM.attributes
                0x00000000       0x1e C:/Users/wiesl/.pico-sdk/toolchain/14_2_Rel1/bin/../lib/gcc/arm-none-eabi/14.2.1/thumb/v6-m/nofp/crti.o
 .ARM.attributes
                0x0000001e       0x2c C:/Users/wiesl/.pico-sdk/toolchain/14_2_Rel1/bin/../lib/gcc/arm-none-eabi/14.2.1/thumb/v6-m/nofp/crtbegin.o
 .ARM.attributes
                0x0000004a       0x2c CMakeFiles/jp1_bridge.dir/main.c.obj
 .ARM.attributes
                0x00000076       0x2c CMakeFiles/jp1_bridge.dir/usb_descriptors.c.obj
 .ARM.attributes
                0x000000a2       0x2c CMakeFiles/jp1_bridge.dir/C_/Users/wiesl/.pico-sdk/sdk/2.2.0/src/rp2_common/hardware_gpio/gpio.c.obj
 .ARM.attributes
                0x000000ce       0x2c CMakeFiles/jp1_bridge.dir/C_/Users/wiesl/.pico-sdk/sdk/2.2.0/src/rp2040/pico_platform/platform.c.obj
 .ARM.attributes
                0x000000fa       0x2c CMakeFiles/jp1_bridge.dir/C_/Users/wiesl/.pico-sdk/sdk/2.2.0/src/rp2_common/pico_platform_panic/panic.c.obj
 .ARM.attributes
                0x00000126       0x2c CMakeFiles/jp1_bridge.dir/C_/Users/wiesl/.pico-sdk/sdk/2.2.0/src/common/hardware_claim/claim.c.obj
 .ARM.attributes
                0x00000152       0x2c CMakeFiles/jp1_bridge.dir/C_/Users/wiesl/.pico-sdk/sdk/2.2.0/src/rp2_common/hardware_sync/sync.c.obj
 .ARM.attributes
                0x0000017e       0x2c CMakeFiles/jp1_bridge.dir/C_/Users/wiesl/.pico-sdk/sdk/2.2.0/src/rp2_common/hardware_sync_spin_lock/sync_spin_lock.c.obj
 .ARM.attributes
                0x000001aa       0x2c CMakeFiles/jp1_bridge.dir/C_/Users/wiesl/.pico-sdk/sdk/2.2.0/src/rp2_common/hardware_irq/irq.c.obj
 .ARM.attributes
                0x000001d6       0x22 CMakeFiles/jp1_bridge.dir/C_/Users/wiesl/.pico-sdk/sdk/2.2.0/src/rp2_common/hardware_irq/irq_handler_chain.S.obj
 .ARM.attributes
                0x000001f8       0x2c CMakeFiles/jp1_bridge.dir/C_/Users/wiesl/.pico-sdk/sdk/2.2.0/src/common/pico_sync/lock_core.c.obj
 .ARM.attributes
                0x00000224       0x2c CMakeFiles/jp1_bridge.dir/C_/Users/wiesl/.pico-sdk/sdk/2.2.0/src/common/pico_sync/mutex.c.obj
 .ARM.attributes
                0x00000250       0x2c CMakeFiles/jp1_bridge.dir/C_/Users/wiesl/.pico-sdk/sdk/2.2.0/src/common/pico_sync/critical_section.c.obj
 .ARM.attributes
                0x0000027c       0x2c CMakeFiles/jp1_bridge.dir/C_/Users/wiesl/.pico-sdk/sdk/2.2.0/src/common/pico_time/time.c.obj
 .ARM.attributes
                0x000002a8       0x2c CMakeFiles/jp1_bridge.dir/C_/Users/wiesl/.pico-sdk/sdk/2.2.0/src/rp2_common/hardware_timer/timer.c.obj
 .ARM.attributes
                0x000002d4       0x2c CMakeFiles/jp1_bridge.dir/C_/Users/wiesl/.pico-sdk/sdk/2.2.0/src/rp2_common/hardware_uart/uart.c.obj
 .ARM.attributes
                0x00000300       0x2c CMakeFiles/jp1_bridge.dir/C_/Users/wiesl/.pico-sdk/sdk/2.2.0/src/rp2_common/hardware_clocks/clocks.c.obj
 .ARM.attributes
                0x0000032c       0x2c CMakeFiles/jp1_bridge.dir/C_/Users/wiesl/.pico-sdk/sdk/2.2.0/src/rp2_common/hardware_pll/pll.c.obj
 .ARM.attributes
                0x00000358       0x2c CMakeFiles/jp1_bridge.dir/C_/Users/wiesl/.pico-sdk/sdk/2.2.0/src/rp2_common/hardware_ticks/ticks.c.obj
 .ARM.attributes
                0x00000384       0x2c CMakeFiles/jp1_bridge.dir/C_/Users/wiesl/.pico-sdk/sdk/2.2.0/src/rp2_common/pico_bootrom/bootrom.c.obj
 .ARM.attributes
                0x000003b0       0x2c CMakeFiles/jp1_bridge.dir/C_/Users/wiesl/.pico-sdk/sdk/2.2.0/src/rp2_common/hardware_xosc/xosc.c.obj
 .ARM.attributes
                0x000003dc       0x2c CMakeFiles/jp1_bridge.dir/C_/Users/wiesl/.pico-sdk/sdk/2.2.0/src/rp2_common/pico_runtime/runtime.c.obj
 .ARM.attributes
                0x00000408       0x2c CMakeFiles/jp1_bridge.dir/C_/Users/wiesl/.pico-sdk/sdk/2.2.0/src/rp2_common/pico_runtime_init/runtime_init.c.obj
 .ARM.attributes
                0x00000434       0x2c CMakeFiles/jp1_bridge.dir/C_/Users/wiesl/.pico-sdk/sdk/2.2.0/src/rp2_common/pico_runtime_init/runtime_init_clocks.c.obj
 .ARM.attributes
                0x00000460       0x22 CMakeFiles/jp1_bridge.dir/C_/Users/wiesl/.pico-sdk/sdk/2.2.0/src/rp2_common/pico_bit_ops/bit_ops_aeabi.S.obj
 .ARM.attributes
                0x00000482       0x22 CMakeFiles/jp1_bridge.dir/C_/Users/wiesl/.pico-sdk/sdk/2.2.0/src/rp2_common/pico_divider/divider_hardware.S.obj
 .ARM.attributes
                0x000004a4       0x22 CMakeFiles/jp1_bridge.dir/C_/Users/wiesl/.pico-sdk/sdk/2.2.0/src/rp2_common/pico_double/double_aeabi_rp2040.S.obj
 .ARM.attributes
                0x000004c6       0x2c CMakeFiles/jp1_bridge.dir/C_/Users/wiesl/.pico-sdk/sdk/2.2.0/src/rp2_common/pico_double/double_init_rom_rp2040.c.obj
 .ARM.attributes
                0x000004f2       0x22 CMakeFiles/jp1_bridge.dir/C_/Users/wiesl/.pico-sdk/sdk/2.2.0/src/rp2_common/pico_double/double_v1_rom_shim_rp2040.S.obj
 .ARM.attributes
                0x00000514       0x22 CMakeFiles/jp1_bridge.dir/C_/Users/wiesl/.pico-sdk/sdk/2.2.0/src/rp2_common/pico_int64_ops/pico_int64_ops_aeabi.S.obj
 .ARM.attributes
                0x00000536       0x22 CMakeFiles/jp1_bridge.dir/C_/Users/wiesl/.pico-sdk/sdk/2.2.0/src/rp2_common/pico_float/float_aeabi_rp2040.S.obj
 .ARM.attributes
                0x00000558       0x2c CMakeFiles/jp1_bridge.dir/C_/Users/wiesl/.pico-sdk/sdk/2.2.0/src/rp2_common/pico_float/float_init_rom_rp2040.c.obj
 .ARM.attributes
                0x00000584       0x22 CMakeFiles/jp1_bridge.dir/C_/Users/wiesl/.pico-sdk/sdk/2.2.0/src/rp2_common/pico_float/float_v1_rom_shim_rp2040.S.obj
 .ARM.attributes
                0x000005a6       0x22 CMakeFiles/jp1_bridge.dir/C_/Users/wiesl/.pico-sdk/sdk/2.2.0/src/rp2_common/pico_mem_ops/mem_ops_aeabi.S.obj
 .ARM.attributes
                0x000005c8       0x2c CMakeFiles/jp1_bridge.dir/C_/Users/wiesl/.pico-sdk/sdk/2.2.0/src/rp2_common/pico_standard_binary_info/standard_binary_info.c.obj
 .ARM.attributes
                0x000005f4       0x2c CMakeFiles/jp1_bridge.dir/C_/Users/wiesl/.pico-sdk/sdk/2.2.0/src/rp2_common/pico_printf/printf.c.obj
 .ARM.attributes
                0x00000620       0x22 CMakeFiles/jp1_bridge.dir/C_/Users/wiesl/.pico-sdk/sdk/2.2.0/src/rp2_common/pico_crt0/crt0.S.obj
 .ARM.attributes
                0x00000642       0x2c CMakeFiles/jp1_bridge.dir/C_/Users/wiesl/.pico-sdk/sdk/2.2.0/src/rp2_common/pico_clib_interface/newlib_interface.c.obj
 .ARM.attributes
                0x0000066e       0x2c CMakeFiles/jp1_bridge.dir/C_/Users/wiesl/.pico-sdk/sdk/2.2.0/src/rp2_common/pico_stdio/stdio.c.obj
 .ARM.attributes
                0x0000069a       0x2c CMakeFiles/jp1_bridge.dir/C_/Users/wiesl/.pico-sdk/sdk/2.2.0/lib/tinyusb/src/portable/raspberrypi/rp2040/dcd_rp2040.c.obj
 .ARM.attributes
                0x000006c6       0x2c CMakeFiles/jp1_bridge.dir/C_/Users/wiesl/.pico-sdk/sdk/2.2.0/lib/tinyusb/src/portable/raspberrypi/rp2040/rp2040_usb.c.obj
 .ARM.attributes
                0x000006f2       0x2c CMakeFiles/jp1_bridge.dir/C_/Users/wiesl/.pico-sdk/sdk/2.2.0/lib/tinyusb/src/device/usbd.c.obj
 .ARM.attributes
                0x0000071e       0x2c CMakeFiles/jp1_bridge.dir/C_/Users/wiesl/.pico-sdk/sdk/2.2.0/lib/tinyusb/src/device/usbd_control.c.obj
 .ARM.attributes
                0x0000074a       0x2c CMakeFiles/jp1_bridge.dir/C_/Users/wiesl/.pico-sdk/sdk/2.2.0/lib/tinyusb/src/class/cdc/cdc_device.c.obj
 .ARM.attributes
                0x00000776       0x2c CMakeFiles/jp1_bridge.dir/C_/Users/wiesl/.pico-sdk/sdk/2.2.0/lib/tinyusb/src/tusb.c.obj
 .ARM.attributes
                0x000007a2       0x2c CMakeFiles/jp1_bridge.dir/C_/Users/wiesl/.pico-sdk/sdk/2.2.0/lib/tinyusb/src/common/tusb_fifo.c.obj
 .ARM.attributes
                0x000007ce       0x2c CMakeFiles/jp1_bridge.dir/C_/Users/wiesl/.pico-sdk/sdk/2.2.0/lib/tinyusb/hw/bsp/rp2040/family.c.obj
 .ARM.attributes
                0x000007fa       0x2c CMakeFiles/jp1_bridge.dir/C_/Users/wiesl/.pico-sdk/sdk/2.2.0/src/rp2_common/pico_unique_id/unique_id.c.obj
 .ARM.attributes
                0x00000826       0x2c CMakeFiles/jp1_bridge.dir/C_/Users/wiesl/.pico-sdk/sdk/2.2.0/src/rp2_common/hardware_flash/flash.c.obj
 .ARM.attributes
                0x00000852       0x22 pico-sdk/src/rp2040/boot_stage2/CMakeFiles/bs2_default_library.dir/./bs2_default_padded_checksummed.S.obj
 .ARM.attributes
                0x00000874       0x1e C:/Users/wiesl/.pico-sdk/toolchain/14_2_Rel1/bin/../lib/gcc/arm-none-eabi/14.2.1/thumb/v6-m/nofp\libgcc.a(_dvmd_tls.o)
 .ARM.attributes
                0x00000892       0x2c C:/Users/wiesl/.pico-sdk/toolchain/14_2_Rel1/bin/../lib/gcc/arm-none-eabi/14.2.1/thumb/v6-m/nofp\libg.a(libc_a-strlen-stub.o)
 .ARM.attributes
                0x000008be       0x2c C:/Users/wiesl/.pico-sdk/toolchain/14_2_Rel1/bin/../lib/gcc/arm-none-eabi/14.2.1/thumb/v6-m/nofp/crtend.o

.comment        0x00000000       0x45
 .comment       0x00000000       0x45 CMakeFiles/jp1_bridge.dir/main.c.obj
                                 0x46 (size before relaxing)
 .comment       0x00000045       0x46 CMakeFiles/jp1_bridge.dir/usb_descriptors.c.obj
 .comment       0x00000045       0x46 CMakeFiles/jp1_bridge.dir/C_/Users/wiesl/.pico-sdk/sdk/2.2.0/src/rp2_common/hardware_gpio/gpio.c.obj
 .comment       0x00000045       0x46 CMakeFiles/jp1_bridge.dir/C_/Users/wiesl/.pico-sdk/sdk/2.2.0/src/rp2040/pico_platform/platform.c.obj
 .comment       0x00000045       0x46 CMakeFiles/jp1_bridge.dir/C_/Users/wiesl/.pico-sdk/sdk/2.2.0/src/rp2_common/pico_platform_panic/panic.c.obj
 .comment       0x00000045       0x46 CMakeFiles/jp1_bridge.dir/C_/Users/wiesl/.pico-sdk/sdk/2.2.0/src/common/hardware_claim/claim.c.obj
 .comment       0x00000045       0x46 CMakeFiles/jp1_bridge.dir/C_/Users/wiesl/.pico-sdk/sdk/2.2.0/src/rp2_common/hardware_sync/sync.c.obj
 .comment       0x00000045       0x46 CMakeFiles/jp1_bridge.dir/C_/Users/wiesl/.pico-sdk/sdk/2.2.0/src/rp2_common/hardware_sync_spin_lock/sync_spin_lock.c.obj
 .comment       0x00000045       0x46 CMakeFiles/jp1_bridge.dir/C_/Users/wiesl/.pico-sdk/sdk/2.2.0/src/rp2_common/hardware_irq/irq.c.obj
 .comment       0x00000045       0x46 CMakeFiles/jp1_bridge.dir/C_/Users/wiesl/.pico-sdk/sdk/2.2.0/src/common/pico_sync/lock_core.c.obj
 .comment       0x00000045       0x46 CMakeFiles/jp1_bridge.dir/C_/Users/wiesl/.pico-sdk/sdk/2.2.0/src/common/pico_sync/mutex.c.obj
 .comment       0x00000045       0x46 CMakeFiles/jp1_bridge.dir/C_/Users/wiesl/.pico-sdk/sdk/2.2.0/src/common/pico_sync/critical_section.c.obj
 .comment       0x00000045       0x46 CMakeFiles/jp1_bridge.dir/C_/Users/wiesl/.pico-sdk/sdk/2.2.0/src/common/pico_time/time.c.obj
 .comment       0x00000045       0x46 CMakeFiles/jp1_bridge.dir/C_/Users/wiesl/.pico-sdk/sdk/2.2.0/src/rp2_common/hardware_timer/timer.c.obj
 .comment       0x00000045       0x46 CMakeFiles/jp1_bridge.dir/C_/Users/wiesl/.pico-sdk/sdk/2.2.0/src/rp2_common/hardware_uart/uart.c.obj
 .comment       0x00000045       0x46 CMakeFiles/jp1_bridge.dir/C_/Users/wiesl/.pico-sdk/sdk/2.2.0/src/rp2_common/hardware_clocks/clocks.c.obj
 .comment       0x00000045       0x46 CMakeFiles/jp1_bridge.dir/C_/Users/wiesl/.pico-sdk/sdk/2.2.0/src/rp2_common/hardware_pll/pll.c.obj
 .comment       0x00000045       0x46 CMakeFiles/jp1_bridge.dir/C_/Users/wiesl/.pico-sdk/sdk/2.2.0/src/rp2_common/hardware_ticks/ticks.c.obj
 .comment       0x00000045       0x46 CMakeFiles/jp1_bridge.dir/C_/Users/wiesl/.pico-sdk/sdk/2.2.0/src/rp2_common/pico_bootrom/bootrom.c.obj
 .comment       0x00000045       0x46 CMakeFiles/jp1_bridge.dir/C_/Users/wiesl/.pico-sdk/sdk/2.2.0/src/rp2_common/hardware_xosc/xosc.c.obj
 .comment       0x00000045       0x46 CMakeFiles/jp1_bridge.dir/C_/Users/wiesl/.pico-sdk/sdk/2.2.0/src/rp2_common/pico_runtime/runtime.c.obj
 .comment       0x00000045       0x46 CMakeFiles/jp1_bridge.dir/C_/Users/wiesl/.pico-sdk/sdk/2.2.0/src/rp2_common/pico_runtime_init/runtime_init.c.obj
 .comment       0x00000045       0x46 CMakeFiles/jp1_bridge.dir/C_/Users/wiesl/.pico-sdk/sdk/2.2.0/src/rp2_common/pico_runtime_init/runtime_init_clocks.c.obj
 .comment       0x00000045       0x46 CMakeFiles/jp1_bridge.dir/C_/Users/wiesl/.pico-sdk/sdk/2.2.0/src/rp2_common/pico_double/double_init_rom_rp2040.c.obj
 .comment       0x00000045       0x46 CMakeFiles/jp1_bridge.dir/C_/Users/wiesl/.pico-sdk/sdk/2.2.0/src/rp2_common/pico_float/float_init_rom_rp2040.c.obj
 .comment       0x00000045       0x46 CMakeFiles/jp1_bridge.dir/C_/Users/wiesl/.pico-sdk/sdk/2.2.0/src/rp2_common/pico_standard_binary_info/standard_binary_info.c.obj
 .comment       0x00000045       0x46 CMakeFiles/jp1_bridge.dir/C_/Users/wiesl/.pico-sdk/sdk/2.2.0/src/rp2_common/pico_printf/printf.c.obj
 .comment       0x00000045       0x46 CMakeFiles/jp1_bridge.dir/C_/Users/wiesl/.pico-sdk/sdk/2.2.0/src/rp2_common/pico_clib_interface/newlib_interface.c.obj
 .comment       0x00000045       0x46 CMakeFiles/jp1_bridge.dir/C_/Users/wiesl/.pico-sdk/sdk/2.2.0/src/rp2_common/pico_stdio/stdio.c.obj
 .comment       0x00000045       0x46 CMakeFiles/jp1_bridge.dir/C_/Users/wiesl/.pico-sdk/sdk/2.2.0/lib/tinyusb/src/portable/raspberrypi/rp2040/dcd_rp2040.c.obj
 .comment       0x00000045       0x46 CMakeFiles/jp1_bridge.dir/C_/Users/wiesl/.pico-sdk/sdk/2.2.0/lib/tinyusb/src/portable/raspberrypi/rp2040/rp2040_usb.c.obj
 .comment       0x00000045       0x46 CMakeFiles/jp1_bridge.dir/C_/Users/wiesl/.pico-sdk/sdk/2.2.0/lib/tinyusb/src/device/usbd.c.obj
 .comment       0x00000045       0x46 CMakeFiles/jp1_bridge.dir/C_/Users/wiesl/.pico-sdk/sdk/2.2.0/lib/tinyusb/src/device/usbd_control.c.obj
 .comment       0x00000045       0x46 CMakeFiles/jp1_bridge.dir/C_/Users/wiesl/.pico-sdk/sdk/2.2.0/lib/tinyusb/src/class/cdc/cdc_device.c.obj
 .comment       0x00000045       0x46 CMakeFiles/jp1_bridge.dir/C_/Users/wiesl/.pico-sdk/sdk/2.2.0/lib/tinyusb/src/tusb.c.obj
 .comment       0x00000045       0x46 CMakeFiles/jp1_bridge.dir/C_/Users/wiesl/.pico-sdk/sdk/2.2.0/lib/tinyusb/src/common/tusb_fifo.c.obj
 .comment       0x00000045       0x46 CMakeFiles/jp1_bridge.dir/C_/Users/wiesl/.pico-sdk/sdk/2.2.0/lib/tinyusb/hw/bsp/rp2040/family.c.obj
 .comment       0x00000045       0x46 CMakeFiles/jp1_bridge.dir/C_/Users/wiesl/.pico-sdk/sdk/2.2.0/src/rp2_common/pico_unique_id/unique_id.c.obj
 .comment       0x00000045       0x46 CMakeFiles/jp1_bridge.dir/C_/Users/wiesl/.pico-sdk/sdk/2.2.0/src/rp2_common/hardware_flash/flash.c.obj

.debug_info     0x00000000    0x2f3d6
 .debug_info    0x00000000     0x147b CMakeFiles/jp1_bridge.dir/main.c.obj
 .debug_info    0x0000147b      0x6ef CMakeFiles/jp1_bridge.dir/usb_descriptors.c.obj